[    0.000000] Initializing cgroup subsys cpuset
[    0.000000] Initializing cgroup subsys cpu
[    0.000000] Initializing cgroup subsys cpuacct
[    0.000000] Linux version 3.19.0-25-generic (buildd@lgw01-20) (gcc version 4.8.2 (Ubuntu 4.8.2-19ubuntu1) ) #26~14.04.1-Ubuntu SMP Fri Jul 24 21:16:20 UTC 2015 (Ubuntu 3.19.0-25.26~14.04.1-generic 3.19.8-ckt2)
[    0.000000] Command line: BOOT_IMAGE=/boot/vmlinuz-3.19.0-25-generic root=UUID=4c999b69-1166-45d8-ab62-a89b017d852e ro quiet splash
[    0.000000] KERNEL supported cpus:
[    0.000000]   Intel GenuineIntel
[    0.000000]   AMD AuthenticAMD
[    0.000000]   Centaur CentaurHauls
[    0.000000] Disabled fast string operations
[    0.000000] e820: BIOS-provided physical RAM map:
[    0.000000] BIOS-e820: [mem 0x0000000000000000-0x000000000009f3ff] usable
[    0.000000] BIOS-e820: [mem 0x000000000009f400-0x000000000009ffff] reserved
[    0.000000] BIOS-e820: [mem 0x00000000000dc000-0x00000000000fffff] reserved
[    0.000000] BIOS-e820: [mem 0x0000000000100000-0x000000005feeffff] usable
[    0.000000] BIOS-e820: [mem 0x000000005fef0000-0x000000005fefefff] ACPI data
[    0.000000] BIOS-e820: [mem 0x000000005feff000-0x000000005fefffff] ACPI NVS
[    0.000000] BIOS-e820: [mem 0x000000005ff00000-0x000000005fffffff] usable
[    0.000000] BIOS-e820: [mem 0x00000000f0000000-0x00000000f7ffffff] reserved
[    0.000000] BIOS-e820: [mem 0x00000000fec00000-0x00000000fec0ffff] reserved
[    0.000000] BIOS-e820: [mem 0x00000000fee00000-0x00000000fee00fff] reserved
[    0.000000] BIOS-e820: [mem 0x00000000fffe0000-0x00000000ffffffff] reserved
[    0.000000] NX (Execute Disable) protection: active
[    0.000000] SMBIOS 2.4 present.
[    0.000000] DMI: VMware, Inc. VMware Virtual Platform/440BX Desktop Reference Platform, BIOS 6.00 09/21/2015
[    0.000000] Hypervisor detected: VMware
[    0.000000] e820: update [mem 0x00000000-0x00000fff] usable ==> reserved
[    0.000000] e820: remove [mem 0x000a0000-0x000fffff] usable
[    0.000000] AGP: No AGP bridge found
[    0.000000] e820: last_pfn = 0x60000 max_arch_pfn = 0x400000000
[    0.000000] MTRR default type: uncachable
[    0.000000] MTRR fixed ranges enabled:
[    0.000000]   00000-9FFFF write-back
[    0.000000]   A0000-BFFFF uncachable
[    0.000000]   C0000-CFFFF write-protect
[    0.000000]   D0000-EFFFF uncachable
[    0.000000]   F0000-FFFFF write-protect
[    0.000000] MTRR variable ranges enabled:
[    0.000000]   0 base 00000000000 mask 3FFC0000000 write-back
[    0.000000]   1 base 00040000000 mask 3FFE0000000 write-back
[    0.000000]   2 disabled
[    0.000000]   3 disabled
[    0.000000]   4 disabled
[    0.000000]   5 disabled
[    0.000000]   6 disabled
[    0.000000]   7 disabled
[    0.000000] PAT configuration [0-7]: WB  WC  UC- UC  WB  WC  UC- UC  
[    0.000000] found SMP MP-table at [mem 0x000f6b30-0x000f6b3f] mapped at [ffff8800000f6b30]
[    0.000000] Scanning 1 areas for low memory corruption
[    0.000000] Base memory trampoline at [ffff880000099000] 99000 size 24576
[    0.000000] Using GB pages for direct mapping
[    0.000000] init_memory_mapping: [mem 0x00000000-0x000fffff]
[    0.000000]  [mem 0x00000000-0x000fffff] page 4k
[    0.000000] BRK [0x01fd4000, 0x01fd4fff] PGTABLE
[    0.000000] BRK [0x01fd5000, 0x01fd5fff] PGTABLE
[    0.000000] BRK [0x01fd6000, 0x01fd6fff] PGTABLE
[    0.000000] init_memory_mapping: [mem 0x5fc00000-0x5fdfffff]
[    0.000000]  [mem 0x5fc00000-0x5fdfffff] page 2M
[    0.000000] BRK [0x01fd7000, 0x01fd7fff] PGTABLE
[    0.000000] init_memory_mapping: [mem 0x40000000-0x5fbfffff]
[    0.000000]  [mem 0x40000000-0x5fbfffff] page 2M
[    0.000000] init_memory_mapping: [mem 0x20000000-0x3fffffff]
[    0.000000]  [mem 0x20000000-0x3fffffff] page 2M
[    0.000000] init_memory_mapping: [mem 0x00100000-0x1fffffff]
[    0.000000]  [mem 0x00100000-0x001fffff] page 4k
[    0.000000]  [mem 0x00200000-0x1fffffff] page 2M
[    0.000000] init_memory_mapping: [mem 0x5fe00000-0x5feeffff]
[    0.000000]  [mem 0x5fe00000-0x5feeffff] page 4k
[    0.000000] BRK [0x01fd8000, 0x01fd8fff] PGTABLE
[    0.000000] init_memory_mapping: [mem 0x5ff00000-0x5fffffff]
[    0.000000]  [mem 0x5ff00000-0x5fffffff] page 4k
[    0.000000] RAMDISK: [mem 0x35a30000-0x36d0ffff]
[    0.000000] ACPI: Early table checksum verification disabled
[    0.000000] ACPI: RSDP 0x00000000000F6AC0 000024 (v02 PTLTD )
[    0.000000] ACPI: XSDT 0x000000005FEF114C 00005C (v01 INTEL  440BX    06040000 VMW  01324272)
[    0.000000] ACPI: FACP 0x000000005FEFEE73 0000F4 (v04 INTEL  440BX    06040000 PTL  000F4240)
[    0.000000] ACPI: DSDT 0x000000005FEF13B4 00DABF (v01 PTLTD  Custom   06040000 MSFT 03000001)
[    0.000000] ACPI: FACS 0x000000005FEFFFC0 000040
[    0.000000] ACPI: BOOT 0x000000005FEF138C 000028 (v01 PTLTD  $SBFTBL$ 06040000  LTP 00000001)
[    0.000000] ACPI: APIC 0x000000005FEF133C 000050 (v01 PTLTD  ? APIC   06040000  LTP 00000000)
[    0.000000] ACPI: MCFG 0x000000005FEF1300 00003C (v01 PTLTD  $PCITBL$ 06040000  LTP 00000001)
[    0.000000] ACPI: SRAT 0x000000005FEF1248 0000B8 (v02 VMWARE MEMPLUG  06040000 VMW  00000001)
[    0.000000] ACPI: HPET 0x000000005FEF1210 000038 (v01 VMWARE VMW HPET 06040000 VMW  00000001)
[    0.000000] ACPI: WAET 0x000000005FEF11E8 000028 (v01 VMWARE VMW WAET 06040000 VMW  00000001)
[    0.000000] ACPI: Local APIC address 0xfee00000
[    0.000000] SRAT: PXM 0 -> APIC 0x00 -> Node 0
[    0.000000] SRAT: Node 0 PXM 0 [mem 0x00000000-0x0009ffff]
[    0.000000] SRAT: Node 0 PXM 0 [mem 0x00100000-0x0fffffff]
[    0.000000] SRAT: Node 0 PXM 0 [mem 0x10000000-0x5fffffff]
[    0.000000] NUMA: Node 0 [mem 0x00000000-0x0009ffff] + [mem 0x00100000-0x0fffffff] -> [mem 0x00000000-0x0fffffff]
[    0.000000] NUMA: Node 0 [mem 0x00000000-0x0fffffff] + [mem 0x10000000-0x5fffffff] -> [mem 0x00000000-0x5fffffff]
[    0.000000] NODE_DATA(0) allocated [mem 0x5fffb000-0x5fffffff]
[    0.000000]  [ffffea0000000000-ffffea00017fffff] PMD -> [ffff88005de00000-ffff88005f5fffff] on node 0
[    0.000000] Zone ranges:
[    0.000000]   DMA      [mem 0x00001000-0x00ffffff]
[    0.000000]   DMA32    [mem 0x01000000-0x5fffffff]
[    0.000000]   Normal   empty
[    0.000000] Movable zone start for each node
[    0.000000] Early memory node ranges
[    0.000000]   node   0: [mem 0x00001000-0x0009efff]
[    0.000000]   node   0: [mem 0x00100000-0x5feeffff]
[    0.000000]   node   0: [mem 0x5ff00000-0x5fffffff]
[    0.000000] Initmem setup node 0 [mem 0x00001000-0x5fffffff]
[    0.000000] On node 0 totalpages: 393102
[    0.000000]   DMA zone: 64 pages used for memmap
[    0.000000]   DMA zone: 21 pages reserved
[    0.000000]   DMA zone: 3998 pages, LIFO batch:0
[    0.000000]   DMA32 zone: 6080 pages used for memmap
[    0.000000]   DMA32 zone: 389104 pages, LIFO batch:31
[    0.000000] ACPI: PM-Timer IO Port: 0x1008
[    0.000000] ACPI: Local APIC address 0xfee00000
[    0.000000] ACPI: LAPIC (acpi_id[0x00] lapic_id[0x00] enabled)
[    0.000000] ACPI: LAPIC_NMI (acpi_id[0x00] high edge lint[0x1])
[    0.000000] ACPI: IOAPIC (id[0x01] address[0xfec00000] gsi_base[0])
[    0.000000] IOAPIC[0]: apic_id 1, version 17, address 0xfec00000, GSI 0-23
[    0.000000] ACPI: INT_SRC_OVR (bus 0 bus_irq 0 global_irq 2 high edge)
[    0.000000] ACPI: IRQ0 used by override.
[    0.000000] ACPI: IRQ9 used by override.
[    0.000000] Using ACPI (MADT) for SMP configuration information
[    0.000000] ACPI: HPET id: 0x8086af01 base: 0xfed00000
[    0.000000] smpboot: Allowing 1 CPUs, 0 hotplug CPUs
[    0.000000] PM: Registered nosave memory: [mem 0x00000000-0x00000fff]
[    0.000000] PM: Registered nosave memory: [mem 0x0009f000-0x0009ffff]
[    0.000000] PM: Registered nosave memory: [mem 0x000a0000-0x000dbfff]
[    0.000000] PM: Registered nosave memory: [mem 0x000dc000-0x000fffff]
[    0.000000] PM: Registered nosave memory: [mem 0x5fef0000-0x5fefefff]
[    0.000000] PM: Registered nosave memory: [mem 0x5feff000-0x5fefffff]
[    0.000000] e820: [mem 0x60000000-0xefffffff] available for PCI devices
[    0.000000] Booting paravirtualized kernel on bare hardware
[    0.000000] setup_percpu: NR_CPUS:256 nr_cpumask_bits:256 nr_cpu_ids:1 nr_node_ids:1
[    0.000000] PERCPU: Embedded 31 pages/cpu @ffff88005fc00000 s86144 r8192 d32640 u2097152
[    0.000000] pcpu-alloc: s86144 r8192 d32640 u2097152 alloc=1*2097152
[    0.000000] pcpu-alloc: [0] 0 
[    0.000000] Built 1 zonelists in Node order, mobility grouping on.  Total pages: 386937
[    0.000000] Policy zone: DMA32
[    0.000000] Kernel command line: BOOT_IMAGE=/boot/vmlinuz-3.19.0-25-generic root=UUID=4c999b69-1166-45d8-ab62-a89b017d852e ro quiet splash
[    0.000000] PID hash table entries: 4096 (order: 3, 32768 bytes)
[    0.000000] xsave: enabled xstate_bv 0x7, cntxt size 0x340 using standard form
[    0.000000] AGP: Checking aperture...
[    0.000000] AGP: No AGP bridge found
[    0.000000] Calgary: detecting Calgary via BIOS EBDA area
[    0.000000] Calgary: Unable to locate Rio Grande table in EBDA - bailing!
[    0.000000] Memory: 1511792K/1572408K available (7918K kernel code, 1172K rwdata, 3752K rodata, 1408K init, 1292K bss, 60616K reserved, 0K cma-reserved)
[    0.000000] SLUB: HWalign=64, Order=0-3, MinObjects=0, CPUs=1, Nodes=1
[    0.000000] Hierarchical RCU implementation.
[    0.000000] 	RCU dyntick-idle grace-period acceleration is enabled.
[    0.000000] 	RCU restricting CPUs from NR_CPUS=256 to nr_cpu_ids=1.
[    0.000000] RCU: Adjusting geometry for rcu_fanout_leaf=16, nr_cpu_ids=1
[    0.000000] NR_IRQS:16640 nr_irqs:256 16
[    0.000000] 	Offload RCU callbacks from all CPUs
[    0.000000] 	Offload RCU callbacks from CPUs: 0.
[    0.000000] Console: colour VGA+ 80x25
[    0.000000] console [tty0] enabled
[    0.000000] hpet clockevent registered
[    0.000000] TSC freq read from hypervisor : 2299.998 MHz
[    0.000000] tsc: Detected 2299.998 MHz processor
[    0.000078] Calibrating delay loop (skipped) preset value.. 4599.99 BogoMIPS (lpj=9199992)
[    0.000081] pid_max: default: 32768 minimum: 301
[    0.000085] ACPI: Core revision 20141107
[    0.008100] ACPI: All ACPI Tables successfully acquired
[    0.009985] Security Framework initialized
[    0.009998] AppArmor: AppArmor initialized
[    0.009999] Yama: becoming mindful.
[    0.010135] Dentry cache hash table entries: 262144 (order: 9, 2097152 bytes)
[    0.010477] Inode-cache hash table entries: 131072 (order: 8, 1048576 bytes)
[    0.010625] Mount-cache hash table entries: 4096 (order: 3, 32768 bytes)
[    0.010628] Mountpoint-cache hash table entries: 4096 (order: 3, 32768 bytes)
[    0.010795] Initializing cgroup subsys memory
[    0.010800] Initializing cgroup subsys devices
[    0.010802] Initializing cgroup subsys freezer
[    0.010804] Initializing cgroup subsys net_cls
[    0.010806] Initializing cgroup subsys blkio
[    0.010807] Initializing cgroup subsys perf_event
[    0.010809] Initializing cgroup subsys net_prio
[    0.010811] Initializing cgroup subsys hugetlb
[    0.010855] Disabled fast string operations
[    0.010857] CPU: Physical Processor ID: 0
[    0.010864] ENERGY_PERF_BIAS: Set to 'normal', was 'performance'
[    0.010864] ENERGY_PERF_BIAS: View and update with x86_energy_perf_policy(8)
[    0.011618] mce: CPU supports 0 MCE banks
[    0.011645] Last level iTLB entries: 4KB 1024, 2MB 1024, 4MB 1024
[    0.011645] Last level dTLB entries: 4KB 1024, 2MB 1024, 4MB 1024, 1GB 4
[    0.021664] Freeing SMP alternatives memory: 32K (ffffffff81e87000 - ffffffff81e8f000)
[    0.024147] ftrace: allocating 29988 entries in 118 pages
[    0.045674] Enabling x2apic
[    0.046340] Enabled x2apic
[    0.046405] Switched APIC routing to physical x2apic.
[    0.046815] ..TIMER: vector=0x30 apic1=0 pin1=2 apic2=-1 pin2=-1
[    0.086481] smpboot: CPU0: Intel(R) Xeon(R) CPU E5-2670 v3 @ 2.30GHz (fam: 06, model: 3f, stepping: 02)
[    0.086524] TSC deadline timer enabled
[    0.086548] Performance Events: 16-deep LBR, Haswell events, core PMU driver.
[    0.086585] perf_event_intel: CPUID marked event: 'cpu cycles' unavailable
[    0.086586] perf_event_intel: CPUID marked event: 'instructions' unavailable
[    0.086587] perf_event_intel: CPUID marked event: 'bus cycles' unavailable
[    0.086587] perf_event_intel: CPUID marked event: 'cache references' unavailable
[    0.086588] perf_event_intel: CPUID marked event: 'cache misses' unavailable
[    0.086589] perf_event_intel: CPUID marked event: 'branch instructions' unavailable
[    0.086589] perf_event_intel: CPUID marked event: 'branch misses' unavailable
[    0.086592] ... version:                1
[    0.086592] ... bit width:              48
[    0.086593] ... generic registers:      4
[    0.086594] ... value mask:             0000ffffffffffff
[    0.086594] ... max period:             000000007fffffff
[    0.086595] ... fixed-purpose events:   0
[    0.086595] ... event mask:             000000000000000f
[    0.087269] x86: Booted up 1 node, 1 CPUs
[    0.087270] smpboot: Total of 1 processors activated (4599.99 BogoMIPS)
[    0.087384] NMI watchdog: disabled (cpu0): hardware events not enabled
[    0.087425] devtmpfs: initialized
[    0.089880] evm: security.selinux
[    0.089881] evm: security.SMACK64
[    0.089882] evm: security.SMACK64EXEC
[    0.089882] evm: security.SMACK64TRANSMUTE
[    0.089883] evm: security.SMACK64MMAP
[    0.089883] evm: security.ima
[    0.089884] evm: security.capability
[    0.089923] PM: Registering ACPI NVS region [mem 0x5feff000-0x5fefffff] (4096 bytes)
[    0.090028] pinctrl core: initialized pinctrl subsystem
[    0.090163] RTC time:  1:19:51, date: 04/07/16
[    0.090253] NET: Registered protocol family 16
[    0.090399] cpuidle: using governor ladder
[    0.090401] cpuidle: using governor menu
[    0.090440] ACPI: bus type PCI registered
[    0.090442] acpiphp: ACPI Hot Plug PCI Controller Driver version: 0.5
[    0.090618] PCI: MMCONFIG for domain 0000 [bus 00-7f] at [mem 0xf0000000-0xf7ffffff] (base 0xf0000000)
[    0.090620] PCI: MMCONFIG at [mem 0xf0000000-0xf7ffffff] reserved in E820
[    0.090756] PCI: Using configuration type 1 for base access
[    0.091834] ACPI: Added _OSI(Module Device)
[    0.091836] ACPI: Added _OSI(Processor Device)
[    0.091837] ACPI: Added _OSI(3.0 _SCP Extensions)
[    0.091838] ACPI: Added _OSI(Processor Aggregator Device)
[    0.097319] [Firmware Bug]: ACPI: BIOS _OSI(Linux) query ignored
[    0.098676] ACPI: Interpreter enabled
[    0.098683] ACPI Exception: AE_NOT_FOUND, While evaluating Sleep State [\_S2_] (20141107/hwxface-580)
[    0.098686] ACPI Exception: AE_NOT_FOUND, While evaluating Sleep State [\_S3_] (20141107/hwxface-580)
[    0.098691] ACPI: (supports S0 S1 S4 S5)
[    0.098692] ACPI: Using IOAPIC for interrupt routing
[    0.098708] PCI: Using host bridge windows from ACPI; if necessary, use "pci=nocrs" and report a bug
[    0.133512] ACPI: PCI Root Bridge [PCI0] (domain 0000 [bus 00-7f])
[    0.133517] acpi PNP0A03:00: _OSC: OS supports [ExtendedConfig ASPM ClockPM Segments MSI]
[    0.133661] acpi PNP0A03:00: _OSC: platform does not support [AER]
[    0.133778] acpi PNP0A03:00: _OSC: OS now controls [PCIeHotplug PME PCIeCapability]
[    0.135461] PCI host bridge to bus 0000:00
[    0.135464] pci_bus 0000:00: root bus resource [bus 00-7f]
[    0.135466] pci_bus 0000:00: root bus resource [mem 0x000a0000-0x000bffff]
[    0.135467] pci_bus 0000:00: root bus resource [mem 0x000d0000-0x000d3fff]
[    0.135468] pci_bus 0000:00: root bus resource [mem 0x000d4000-0x000d7fff]
[    0.135469] pci_bus 0000:00: root bus resource [mem 0x000d8000-0x000dbfff]
[    0.135470] pci_bus 0000:00: root bus resource [mem 0x60000000-0xfebfffff]
[    0.135471] pci_bus 0000:00: root bus resource [io  0x0000-0x0cf7]
[    0.135472] pci_bus 0000:00: root bus resource [io  0x0d00-0xfeff]
[    0.135523] pci 0000:00:00.0: [8086:7190] type 00 class 0x060000
[    0.135944] pci 0000:00:01.0: [8086:7191] type 01 class 0x060400
[    0.136315] pci 0000:00:07.0: [8086:7110] type 00 class 0x060100
[    0.136820] pci 0000:00:07.1: [8086:7111] type 00 class 0x01018a
[    0.137802] pci 0000:00:07.1: reg 0x20: [io  0x1060-0x106f]
[    0.138205] pci 0000:00:07.1: legacy IDE quirk: reg 0x10: [io  0x01f0-0x01f7]
[    0.138206] pci 0000:00:07.1: legacy IDE quirk: reg 0x14: [io  0x03f6]
[    0.138207] pci 0000:00:07.1: legacy IDE quirk: reg 0x18: [io  0x0170-0x0177]
[    0.138208] pci 0000:00:07.1: legacy IDE quirk: reg 0x1c: [io  0x0376]
[    0.138360] pci 0000:00:07.3: [8086:7113] type 00 class 0x068000
[    0.139470] pci 0000:00:07.3: can't claim BAR 13 [io  0x1000-0x103f]: address conflict with ACPI PM1a_EVT_BLK [io  0x1000-0x1003]
[    0.139479] pci 0000:00:07.3: quirk: [io  0x1040-0x104f] claimed by PIIX4 SMB
[    0.139709] pci 0000:00:07.7: [15ad:0740] type 00 class 0x088000
[    0.140241] pci 0000:00:07.7: reg 0x10: [io  0x1080-0x10bf]
[    0.140732] pci 0000:00:07.7: reg 0x14: [mem 0xfebfe000-0xfebfffff 64bit]
[    0.143014] pci 0000:00:0f.0: [15ad:0405] type 00 class 0x030000
[    0.144673] pci 0000:00:0f.0: reg 0x10: [io  0x1070-0x107f]
[    0.146326] pci 0000:00:0f.0: reg 0x14: [mem 0xe8000000-0xefffffff pref]
[    0.148008] pci 0000:00:0f.0: reg 0x18: [mem 0xfe000000-0xfe7fffff]
[    0.154285] pci 0000:00:0f.0: reg 0x30: [mem 0x00000000-0x00007fff pref]
[    0.154673] pci 0000:00:10.0: [1000:0030] type 00 class 0x010000
[    0.155460] pci 0000:00:10.0: reg 0x10: [io  0x1400-0x14ff]
[    0.156240] pci 0000:00:10.0: reg 0x14: [mem 0xfeba0000-0xfebbffff 64bit]
[    0.157013] pci 0000:00:10.0: reg 0x1c: [mem 0xfebc0000-0xfebdffff 64bit]
[    0.158481] pci 0000:00:10.0: reg 0x30: [mem 0x00000000-0x00003fff pref]
[    0.158782] pci 0000:00:11.0: [15ad:0790] type 01 class 0x060401
[    0.159207] pci 0000:00:11.0: System wakeup disabled by ACPI
[    0.159336] pci 0000:00:15.0: [15ad:07a0] type 01 class 0x060400
[    0.159871] pci 0000:00:15.0: PME# supported from D0 D3hot D3cold
[    0.160008] pci 0000:00:15.0: System wakeup disabled by ACPI
[    0.160115] pci 0000:00:15.1: [15ad:07a0] type 01 class 0x060400
[    0.160654] pci 0000:00:15.1: PME# supported from D0 D3hot D3cold
[    0.160793] pci 0000:00:15.1: System wakeup disabled by ACPI
[    0.160899] pci 0000:00:15.2: [15ad:07a0] type 01 class 0x060400
[    0.161421] pci 0000:00:15.2: PME# supported from D0 D3hot D3cold
[    0.161560] pci 0000:00:15.2: System wakeup disabled by ACPI
[    0.161669] pci 0000:00:15.3: [15ad:07a0] type 01 class 0x060400
[    0.162191] pci 0000:00:15.3: PME# supported from D0 D3hot D3cold
[    0.162327] pci 0000:00:15.3: System wakeup disabled by ACPI
[    0.162437] pci 0000:00:15.4: [15ad:07a0] type 01 class 0x060400
[    0.162966] pci 0000:00:15.4: PME# supported from D0 D3hot D3cold
[    0.163103] pci 0000:00:15.4: System wakeup disabled by ACPI
[    0.163210] pci 0000:00:15.5: [15ad:07a0] type 01 class 0x060400
[    0.163736] pci 0000:00:15.5: PME# supported from D0 D3hot D3cold
[    0.163872] pci 0000:00:15.5: System wakeup disabled by ACPI
[    0.163981] pci 0000:00:15.6: [15ad:07a0] type 01 class 0x060400
[    0.164523] pci 0000:00:15.6: PME# supported from D0 D3hot D3cold
[    0.164660] pci 0000:00:15.6: System wakeup disabled by ACPI
[    0.164767] pci 0000:00:15.7: [15ad:07a0] type 01 class 0x060400
[    0.165290] pci 0000:00:15.7: PME# supported from D0 D3hot D3cold
[    0.165430] pci 0000:00:15.7: System wakeup disabled by ACPI
[    0.165536] pci 0000:00:16.0: [15ad:07a0] type 01 class 0x060400
[    0.166058] pci 0000:00:16.0: PME# supported from D0 D3hot D3cold
[    0.166201] pci 0000:00:16.0: System wakeup disabled by ACPI
[    0.166306] pci 0000:00:16.1: [15ad:07a0] type 01 class 0x060400
[    0.166828] pci 0000:00:16.1: PME# supported from D0 D3hot D3cold
[    0.166967] pci 0000:00:16.1: System wakeup disabled by ACPI
[    0.167073] pci 0000:00:16.2: [15ad:07a0] type 01 class 0x060400
[    0.167595] pci 0000:00:16.2: PME# supported from D0 D3hot D3cold
[    0.167735] pci 0000:00:16.2: System wakeup disabled by ACPI
[    0.167844] pci 0000:00:16.3: [15ad:07a0] type 01 class 0x060400
[    0.168394] pci 0000:00:16.3: PME# supported from D0 D3hot D3cold
[    0.168532] pci 0000:00:16.3: System wakeup disabled by ACPI
[    0.168643] pci 0000:00:16.4: [15ad:07a0] type 01 class 0x060400
[    0.169167] pci 0000:00:16.4: PME# supported from D0 D3hot D3cold
[    0.169307] pci 0000:00:16.4: System wakeup disabled by ACPI
[    0.169421] pci 0000:00:16.5: [15ad:07a0] type 01 class 0x060400
[    0.169943] pci 0000:00:16.5: PME# supported from D0 D3hot D3cold
[    0.170083] pci 0000:00:16.5: System wakeup disabled by ACPI
[    0.170188] pci 0000:00:16.6: [15ad:07a0] type 01 class 0x060400
[    0.170710] pci 0000:00:16.6: PME# supported from D0 D3hot D3cold
[    0.170849] pci 0000:00:16.6: System wakeup disabled by ACPI
[    0.170959] pci 0000:00:16.7: [15ad:07a0] type 01 class 0x060400
[    0.171481] pci 0000:00:16.7: PME# supported from D0 D3hot D3cold
[    0.171617] pci 0000:00:16.7: System wakeup disabled by ACPI
[    0.171727] pci 0000:00:17.0: [15ad:07a0] type 01 class 0x060400
[    0.172249] pci 0000:00:17.0: PME# supported from D0 D3hot D3cold
[    0.172400] pci 0000:00:17.0: System wakeup disabled by ACPI
[    0.172506] pci 0000:00:17.1: [15ad:07a0] type 01 class 0x060400
[    0.173037] pci 0000:00:17.1: PME# supported from D0 D3hot D3cold
[    0.173176] pci 0000:00:17.1: System wakeup disabled by ACPI
[    0.173282] pci 0000:00:17.2: [15ad:07a0] type 01 class 0x060400
[    0.173805] pci 0000:00:17.2: PME# supported from D0 D3hot D3cold
[    0.173941] pci 0000:00:17.2: System wakeup disabled by ACPI
[    0.174053] pci 0000:00:17.3: [15ad:07a0] type 01 class 0x060400
[    0.174576] pci 0000:00:17.3: PME# supported from D0 D3hot D3cold
[    0.174717] pci 0000:00:17.3: System wakeup disabled by ACPI
[    0.174821] pci 0000:00:17.4: [15ad:07a0] type 01 class 0x060400
[    0.175345] pci 0000:00:17.4: PME# supported from D0 D3hot D3cold
[    0.175488] pci 0000:00:17.4: System wakeup disabled by ACPI
[    0.175601] pci 0000:00:17.5: [15ad:07a0] type 01 class 0x060400
[    0.176124] pci 0000:00:17.5: PME# supported from D0 D3hot D3cold
[    0.176263] pci 0000:00:17.5: System wakeup disabled by ACPI
[    0.176379] pci 0000:00:17.6: [15ad:07a0] type 01 class 0x060400
[    0.176907] pci 0000:00:17.6: PME# supported from D0 D3hot D3cold
[    0.177044] pci 0000:00:17.6: System wakeup disabled by ACPI
[    0.177151] pci 0000:00:17.7: [15ad:07a0] type 01 class 0x060400
[    0.177674] pci 0000:00:17.7: PME# supported from D0 D3hot D3cold
[    0.177814] pci 0000:00:17.7: System wakeup disabled by ACPI
[    0.177919] pci 0000:00:18.0: [15ad:07a0] type 01 class 0x060400
[    0.178442] pci 0000:00:18.0: PME# supported from D0 D3hot D3cold
[    0.178578] pci 0000:00:18.0: System wakeup disabled by ACPI
[    0.178683] pci 0000:00:18.1: [15ad:07a0] type 01 class 0x060400
[    0.179206] pci 0000:00:18.1: PME# supported from D0 D3hot D3cold
[    0.179345] pci 0000:00:18.1: System wakeup disabled by ACPI
[    0.179456] pci 0000:00:18.2: [15ad:07a0] type 01 class 0x060400
[    0.179979] pci 0000:00:18.2: PME# supported from D0 D3hot D3cold
[    0.180122] pci 0000:00:18.2: System wakeup disabled by ACPI
[    0.180227] pci 0000:00:18.3: [15ad:07a0] type 01 class 0x060400
[    0.180757] pci 0000:00:18.3: PME# supported from D0 D3hot D3cold
[    0.180898] pci 0000:00:18.3: System wakeup disabled by ACPI
[    0.181004] pci 0000:00:18.4: [15ad:07a0] type 01 class 0x060400
[    0.181527] pci 0000:00:18.4: PME# supported from D0 D3hot D3cold
[    0.181665] pci 0000:00:18.4: System wakeup disabled by ACPI
[    0.181771] pci 0000:00:18.5: [15ad:07a0] type 01 class 0x060400
[    0.182294] pci 0000:00:18.5: PME# supported from D0 D3hot D3cold
[    0.182433] pci 0000:00:18.5: System wakeup disabled by ACPI
[    0.182538] pci 0000:00:18.6: [15ad:07a0] type 01 class 0x060400
[    0.183067] pci 0000:00:18.6: PME# supported from D0 D3hot D3cold
[    0.183204] pci 0000:00:18.6: System wakeup disabled by ACPI
[    0.183315] pci 0000:00:18.7: [15ad:07a0] type 01 class 0x060400
[    0.183839] pci 0000:00:18.7: PME# supported from D0 D3hot D3cold
[    0.183975] pci 0000:00:18.7: System wakeup disabled by ACPI
[    0.184331] pci 0000:00:01.0: PCI bridge to [bus 01]
[    0.184639] acpiphp: Slot [32] registered
[    0.184656] acpiphp: Slot [33] registered
[    0.184671] acpiphp: Slot [34] registered
[    0.184685] acpiphp: Slot [35] registered
[    0.184699] acpiphp: Slot [36] registered
[    0.184713] acpiphp: Slot [37] registered
[    0.184728] acpiphp: Slot [38] registered
[    0.184742] acpiphp: Slot [39] registered
[    0.184756] acpiphp: Slot [40] registered
[    0.184770] acpiphp: Slot [41] registered
[    0.184784] acpiphp: Slot [42] registered
[    0.184798] acpiphp: Slot [43] registered
[    0.184812] acpiphp: Slot [44] registered
[    0.184828] acpiphp: Slot [45] registered
[    0.184843] acpiphp: Slot [46] registered
[    0.184857] acpiphp: Slot [47] registered
[    0.184871] acpiphp: Slot [48] registered
[    0.184885] acpiphp: Slot [49] registered
[    0.184902] acpiphp: Slot [50] registered
[    0.184917] acpiphp: Slot [51] registered
[    0.184932] acpiphp: Slot [52] registered
[    0.184948] acpiphp: Slot [53] registered
[    0.184962] acpiphp: Slot [54] registered
[    0.184975] acpiphp: Slot [55] registered
[    0.184990] acpiphp: Slot [56] registered
[    0.185004] acpiphp: Slot [57] registered
[    0.185018] acpiphp: Slot [58] registered
[    0.185033] acpiphp: Slot [59] registered
[    0.185047] acpiphp: Slot [60] registered
[    0.185061] acpiphp: Slot [61] registered
[    0.185074] acpiphp: Slot [62] registered
[    0.185088] acpiphp: Slot [63] registered
[    0.185192] pci 0000:02:01.0: [15ad:07e0] type 00 class 0x010601
[    0.187344] pci 0000:02:01.0: reg 0x24: [mem 0xfd5ff000-0xfd5fffff]
[    0.187689] pci 0000:02:01.0: reg 0x30: [mem 0x00000000-0x0000ffff pref]
[    0.188007] pci 0000:02:01.0: PME# supported from D3hot
[    0.188117] pci 0000:02:01.0: System wakeup disabled by ACPI
[    0.188361] pci 0000:00:11.0: PCI bridge to [bus 02] (subtractive decode)
[    0.188376] pci 0000:00:11.0:   bridge window [io  0x2000-0x3fff]
[    0.188391] pci 0000:00:11.0:   bridge window [mem 0xfd500000-0xfdffffff]
[    0.188420] pci 0000:00:11.0:   bridge window [mem 0xe7b00000-0xe7ffffff 64bit pref]
[    0.188422] pci 0000:00:11.0:   bridge window [mem 0x000a0000-0x000bffff] (subtractive decode)
[    0.188423] pci 0000:00:11.0:   bridge window [mem 0x000d0000-0x000d3fff] (subtractive decode)
[    0.188424] pci 0000:00:11.0:   bridge window [mem 0x000d4000-0x000d7fff] (subtractive decode)
[    0.188425] pci 0000:00:11.0:   bridge window [mem 0x000d8000-0x000dbfff] (subtractive decode)
[    0.188426] pci 0000:00:11.0:   bridge window [mem 0x60000000-0xfebfffff] (subtractive decode)
[    0.188427] pci 0000:00:11.0:   bridge window [io  0x0000-0x0cf7] (subtractive decode)
[    0.188428] pci 0000:00:11.0:   bridge window [io  0x0d00-0xfeff] (subtractive decode)
[    0.188803] pci 0000:03:00.0: [15ad:07b0] type 00 class 0x020000
[    0.189864] pci 0000:03:00.0: reg 0x10: [mem 0xfd4fc000-0xfd4fcfff]
[    0.190883] pci 0000:03:00.0: reg 0x14: [mem 0xfd4fd000-0xfd4fdfff]
[    0.191899] pci 0000:03:00.0: reg 0x18: [mem 0xfd4fe000-0xfd4fffff]
[    0.192943] pci 0000:03:00.0: reg 0x1c: [io  0x4000-0x400f]
[    0.196000] pci 0000:03:00.0: reg 0x30: [mem 0x00000000-0x0000ffff pref]
[    0.196328] pci 0000:03:00.0: supports D1 D2
[    0.196330] pci 0000:03:00.0: PME# supported from D0 D1 D2 D3hot D3cold
[    0.196445] pci 0000:03:00.0: System wakeup disabled by ACPI
[    0.196481] pci 0000:03:00.0: disabling ASPM on pre-1.1 PCIe device.  You can enable it with 'pcie_aspm=force'
[    0.196519] pci 0000:00:15.0: PCI bridge to [bus 03]
[    0.196533] pci 0000:00:15.0:   bridge window [io  0x4000-0x4fff]
[    0.196548] pci 0000:00:15.0:   bridge window [mem 0xfd400000-0xfd4fffff]
[    0.196889] pci 0000:00:15.1: PCI bridge to [bus 04]
[    0.196904] pci 0000:00:15.1:   bridge window [io  0x8000-0x8fff]
[    0.196919] pci 0000:00:15.1:   bridge window [mem 0xfd000000-0xfd0fffff]
[    0.196947] pci 0000:00:15.1:   bridge window [mem 0xe7700000-0xe77fffff 64bit pref]
[    0.197251] pci 0000:00:15.2: PCI bridge to [bus 05]
[    0.197266] pci 0000:00:15.2:   bridge window [io  0xc000-0xcfff]
[    0.197281] pci 0000:00:15.2:   bridge window [mem 0xfcc00000-0xfccfffff]
[    0.197309] pci 0000:00:15.2:   bridge window [mem 0xe7300000-0xe73fffff 64bit pref]
[    0.197611] pci 0000:00:15.3: PCI bridge to [bus 06]
[    0.197640] pci 0000:00:15.3:   bridge window [mem 0xfc800000-0xfc8fffff]
[    0.197668] pci 0000:00:15.3:   bridge window [mem 0xe6f00000-0xe6ffffff 64bit pref]
[    0.197968] pci 0000:00:15.4: PCI bridge to [bus 07]
[    0.197996] pci 0000:00:15.4:   bridge window [mem 0xfc400000-0xfc4fffff]
[    0.198025] pci 0000:00:15.4:   bridge window [mem 0xe6b00000-0xe6bfffff 64bit pref]
[    0.198335] pci 0000:00:15.5: PCI bridge to [bus 08]
[    0.198363] pci 0000:00:15.5:   bridge window [mem 0xfc000000-0xfc0fffff]
[    0.198391] pci 0000:00:15.5:   bridge window [mem 0xe6700000-0xe67fffff 64bit pref]
[    0.198696] pci 0000:00:15.6: PCI bridge to [bus 09]
[    0.198724] pci 0000:00:15.6:   bridge window [mem 0xfbc00000-0xfbcfffff]
[    0.198753] pci 0000:00:15.6:   bridge window [mem 0xe6300000-0xe63fffff 64bit pref]
[    0.199052] pci 0000:00:15.7: PCI bridge to [bus 0a]
[    0.199080] pci 0000:00:15.7:   bridge window [mem 0xfb800000-0xfb8fffff]
[    0.199108] pci 0000:00:15.7:   bridge window [mem 0xe5f00000-0xe5ffffff 64bit pref]
[    0.199414] pci 0000:00:16.0: PCI bridge to [bus 0b]
[    0.199428] pci 0000:00:16.0:   bridge window [io  0x5000-0x5fff]
[    0.199443] pci 0000:00:16.0:   bridge window [mem 0xfd300000-0xfd3fffff]
[    0.199472] pci 0000:00:16.0:   bridge window [mem 0xe7a00000-0xe7afffff 64bit pref]
[    0.199780] pci 0000:00:16.1: PCI bridge to [bus 0c]
[    0.199795] pci 0000:00:16.1:   bridge window [io  0x9000-0x9fff]
[    0.199810] pci 0000:00:16.1:   bridge window [mem 0xfcf00000-0xfcffffff]
[    0.199838] pci 0000:00:16.1:   bridge window [mem 0xe7600000-0xe76fffff 64bit pref]
[    0.200144] pci 0000:00:16.2: PCI bridge to [bus 0d]
[    0.200166] pci 0000:00:16.2:   bridge window [io  0xd000-0xdfff]
[    0.200187] pci 0000:00:16.2:   bridge window [mem 0xfcb00000-0xfcbfffff]
[    0.200216] pci 0000:00:16.2:   bridge window [mem 0xe7200000-0xe72fffff 64bit pref]
[    0.200534] pci 0000:00:16.3: PCI bridge to [bus 0e]
[    0.200562] pci 0000:00:16.3:   bridge window [mem 0xfc700000-0xfc7fffff]
[    0.200591] pci 0000:00:16.3:   bridge window [mem 0xe6e00000-0xe6efffff 64bit pref]
[    0.200898] pci 0000:00:16.4: PCI bridge to [bus 0f]
[    0.200926] pci 0000:00:16.4:   bridge window [mem 0xfc300000-0xfc3fffff]
[    0.200955] pci 0000:00:16.4:   bridge window [mem 0xe6a00000-0xe6afffff 64bit pref]
[    0.201254] pci 0000:00:16.5: PCI bridge to [bus 10]
[    0.201283] pci 0000:00:16.5:   bridge window [mem 0xfbf00000-0xfbffffff]
[    0.201311] pci 0000:00:16.5:   bridge window [mem 0xe6600000-0xe66fffff 64bit pref]
[    0.201613] pci 0000:00:16.6: PCI bridge to [bus 11]
[    0.201642] pci 0000:00:16.6:   bridge window [mem 0xfbb00000-0xfbbfffff]
[    0.201670] pci 0000:00:16.6:   bridge window [mem 0xe6200000-0xe62fffff 64bit pref]
[    0.201976] pci 0000:00:16.7: PCI bridge to [bus 12]
[    0.202004] pci 0000:00:16.7:   bridge window [mem 0xfb700000-0xfb7fffff]
[    0.202033] pci 0000:00:16.7:   bridge window [mem 0xe5e00000-0xe5efffff 64bit pref]
[    0.202338] pci 0000:00:17.0: PCI bridge to [bus 13]
[    0.202353] pci 0000:00:17.0:   bridge window [io  0x6000-0x6fff]
[    0.202368] pci 0000:00:17.0:   bridge window [mem 0xfd200000-0xfd2fffff]
[    0.202396] pci 0000:00:17.0:   bridge window [mem 0xe7900000-0xe79fffff 64bit pref]
[    0.202697] pci 0000:00:17.1: PCI bridge to [bus 14]
[    0.202712] pci 0000:00:17.1:   bridge window [io  0xa000-0xafff]
[    0.202727] pci 0000:00:17.1:   bridge window [mem 0xfce00000-0xfcefffff]
[    0.202755] pci 0000:00:17.1:   bridge window [mem 0xe7500000-0xe75fffff 64bit pref]
[    0.203062] pci 0000:00:17.2: PCI bridge to [bus 15]
[    0.203077] pci 0000:00:17.2:   bridge window [io  0xe000-0xefff]
[    0.203091] pci 0000:00:17.2:   bridge window [mem 0xfca00000-0xfcafffff]
[    0.203120] pci 0000:00:17.2:   bridge window [mem 0xe7100000-0xe71fffff 64bit pref]
[    0.203423] pci 0000:00:17.3: PCI bridge to [bus 16]
[    0.203451] pci 0000:00:17.3:   bridge window [mem 0xfc600000-0xfc6fffff]
[    0.203480] pci 0000:00:17.3:   bridge window [mem 0xe6d00000-0xe6dfffff 64bit pref]
[    0.203781] pci 0000:00:17.4: PCI bridge to [bus 17]
[    0.203809] pci 0000:00:17.4:   bridge window [mem 0xfc200000-0xfc2fffff]
[    0.203838] pci 0000:00:17.4:   bridge window [mem 0xe6900000-0xe69fffff 64bit pref]
[    0.204138] pci 0000:00:17.5: PCI bridge to [bus 18]
[    0.204166] pci 0000:00:17.5:   bridge window [mem 0xfbe00000-0xfbefffff]
[    0.204195] pci 0000:00:17.5:   bridge window [mem 0xe6500000-0xe65fffff 64bit pref]
[    0.204503] pci 0000:00:17.6: PCI bridge to [bus 19]
[    0.204531] pci 0000:00:17.6:   bridge window [mem 0xfba00000-0xfbafffff]
[    0.204560] pci 0000:00:17.6:   bridge window [mem 0xe6100000-0xe61fffff 64bit pref]
[    0.204862] pci 0000:00:17.7: PCI bridge to [bus 1a]
[    0.204890] pci 0000:00:17.7:   bridge window [mem 0xfb600000-0xfb6fffff]
[    0.204919] pci 0000:00:17.7:   bridge window [mem 0xe5d00000-0xe5dfffff 64bit pref]
[    0.205223] pci 0000:00:18.0: PCI bridge to [bus 1b]
[    0.205238] pci 0000:00:18.0:   bridge window [io  0x7000-0x7fff]
[    0.205253] pci 0000:00:18.0:   bridge window [mem 0xfd100000-0xfd1fffff]
[    0.205281] pci 0000:00:18.0:   bridge window [mem 0xe7800000-0xe78fffff 64bit pref]
[    0.205586] pci 0000:00:18.1: PCI bridge to [bus 1c]
[    0.205600] pci 0000:00:18.1:   bridge window [io  0xb000-0xbfff]
[    0.205615] pci 0000:00:18.1:   bridge window [mem 0xfcd00000-0xfcdfffff]
[    0.205643] pci 0000:00:18.1:   bridge window [mem 0xe7400000-0xe74fffff 64bit pref]
[    0.205944] pci 0000:00:18.2: PCI bridge to [bus 1d]
[    0.205973] pci 0000:00:18.2:   bridge window [mem 0xfc900000-0xfc9fffff]
[    0.206001] pci 0000:00:18.2:   bridge window [mem 0xe7000000-0xe70fffff 64bit pref]
[    0.206302] pci 0000:00:18.3: PCI bridge to [bus 1e]
[    0.206331] pci 0000:00:18.3:   bridge window [mem 0xfc500000-0xfc5fffff]
[    0.206359] pci 0000:00:18.3:   bridge window [mem 0xe6c00000-0xe6cfffff 64bit pref]
[    0.206659] pci 0000:00:18.4: PCI bridge to [bus 1f]
[    0.206687] pci 0000:00:18.4:   bridge window [mem 0xfc100000-0xfc1fffff]
[    0.206715] pci 0000:00:18.4:   bridge window [mem 0xe6800000-0xe68fffff 64bit pref]
[    0.207020] pci 0000:00:18.5: PCI bridge to [bus 20]
[    0.207049] pci 0000:00:18.5:   bridge window [mem 0xfbd00000-0xfbdfffff]
[    0.207077] pci 0000:00:18.5:   bridge window [mem 0xe6400000-0xe64fffff 64bit pref]
[    0.207379] pci 0000:00:18.6: PCI bridge to [bus 21]
[    0.207408] pci 0000:00:18.6:   bridge window [mem 0xfb900000-0xfb9fffff]
[    0.207436] pci 0000:00:18.6:   bridge window [mem 0xe6000000-0xe60fffff 64bit pref]
[    0.207738] pci 0000:00:18.7: PCI bridge to [bus 22]
[    0.207767] pci 0000:00:18.7:   bridge window [mem 0xfb500000-0xfb5fffff]
[    0.207795] pci 0000:00:18.7:   bridge window [mem 0xe5c00000-0xe5cfffff 64bit pref]
[    0.209395] ACPI: PCI Interrupt Link [LNKA] (IRQs 3 4 5 6 7 *9 10 11 14 15)
[    0.209451] ACPI: PCI Interrupt Link [LNKB] (IRQs 3 4 5 6 7 9 10 *11 14 15)
[    0.209504] ACPI: PCI Interrupt Link [LNKC] (IRQs 3 4 5 6 *7 9 10 11 14 15)
[    0.209558] ACPI: PCI Interrupt Link [LNKD] (IRQs 3 4 5 6 7 9 *10 11 14 15)
[    0.213693] ACPI: Enabled 2 GPEs in block 00 to 0F
[    0.213795] vgaarb: setting as boot device: PCI:0000:00:0f.0
[    0.213797] vgaarb: device added: PCI:0000:00:0f.0,decodes=io+mem,owns=io+mem,locks=none
[    0.213800] vgaarb: loaded
[    0.213801] vgaarb: bridge control possible 0000:00:0f.0
[    0.213986] SCSI subsystem initialized
[    0.214015] libata version 3.00 loaded.
[    0.214037] ACPI: bus type USB registered
[    0.214051] usbcore: registered new interface driver usbfs
[    0.214059] usbcore: registered new interface driver hub
[    0.214067] usbcore: registered new device driver usb
[    0.214161] PCI: Using ACPI for IRQ routing
[    0.234185] PCI: pci_cache_line_size set to 64 bytes
[    0.234800] e820: reserve RAM buffer [mem 0x0009f400-0x0009ffff]
[    0.234802] e820: reserve RAM buffer [mem 0x5fef0000-0x5fffffff]
[    0.234902] NetLabel: Initializing
[    0.234903] NetLabel:  domain hash size = 128
[    0.234904] NetLabel:  protocols = UNLABELED CIPSOv4
[    0.234912] NetLabel:  unlabeled traffic allowed by default
[    0.235039] hpet0: at MMIO 0xfed00000, IRQs 2, 8, 0, 0, 0, 0, 0, 0, 0, 0, 0, 0, 0, 0, 0, 0
[    0.235045] hpet0: 16 comparators, 64-bit 14.318180 MHz counter
[    0.237156] Switched to clocksource hpet
[    0.241770] AppArmor: AppArmor Filesystem Enabled
[    0.241814] pnp: PnP ACPI init
[    0.241940] system 00:00: [io  0x1000-0x103f] could not be reserved
[    0.241942] system 00:00: [io  0x1040-0x104f] has been reserved
[    0.241944] system 00:00: [io  0x0cf0-0x0cf1] has been reserved
[    0.241946] system 00:00: Plug and Play ACPI device, IDs PNP0c02 (active)
[    0.241975] pnp 00:01: Plug and Play ACPI device, IDs PNP0b00 (active)
[    0.241994] pnp 00:02: Plug and Play ACPI device, IDs PNP0303 (active)
[    0.242012] pnp 00:03: Plug and Play ACPI device, IDs PNP0f13 (active)
[    0.242146] system 00:04: [mem 0xfed00000-0xfed003ff] has been reserved
[    0.242148] system 00:04: Plug and Play ACPI device, IDs PNP0103 PNP0c01 (active)
[    0.243237] pnp 00:05: [dma 2]
[    0.243270] pnp 00:05: Plug and Play ACPI device, IDs PNP0700 (active)
[    0.243417] system 00:06: [io  0xfce0-0xfcff] has been reserved
[    0.243420] system 00:06: [mem 0xf0000000-0xf7ffffff] has been reserved
[    0.243421] system 00:06: [mem 0xfe800000-0xfe9fffff] has been reserved
[    0.243423] system 00:06: Plug and Play ACPI device, IDs PNP0c02 (active)
[    0.246320] pnp: PnP ACPI: found 7 devices
[    0.251864] pci 0000:00:15.0: bridge window [mem 0x00100000-0x000fffff 64bit pref] to [bus 03] add_size 200000
[    0.251990] pci 0000:00:15.3: bridge window [io  0x1000-0x0fff] to [bus 06] add_size 1000
[    0.252032] pci 0000:00:15.4: bridge window [io  0x1000-0x0fff] to [bus 07] add_size 1000
[    0.252075] pci 0000:00:15.5: bridge window [io  0x1000-0x0fff] to [bus 08] add_size 1000
[    0.252123] pci 0000:00:15.6: bridge window [io  0x1000-0x0fff] to [bus 09] add_size 1000
[    0.252167] pci 0000:00:15.7: bridge window [io  0x1000-0x0fff] to [bus 0a] add_size 1000
[    0.252332] pci 0000:00:16.3: bridge window [io  0x1000-0x0fff] to [bus 0e] add_size 1000
[    0.252374] pci 0000:00:16.4: bridge window [io  0x1000-0x0fff] to [bus 0f] add_size 1000
[    0.252416] pci 0000:00:16.5: bridge window [io  0x1000-0x0fff] to [bus 10] add_size 1000
[    0.252459] pci 0000:00:16.6: bridge window [io  0x1000-0x0fff] to [bus 11] add_size 1000
[    0.252501] pci 0000:00:16.7: bridge window [io  0x1000-0x0fff] to [bus 12] add_size 1000
[    0.252666] pci 0000:00:17.3: bridge window [io  0x1000-0x0fff] to [bus 16] add_size 1000
[    0.252708] pci 0000:00:17.4: bridge window [io  0x1000-0x0fff] to [bus 17] add_size 1000
[    0.252751] pci 0000:00:17.5: bridge window [io  0x1000-0x0fff] to [bus 18] add_size 1000
[    0.252793] pci 0000:00:17.6: bridge window [io  0x1000-0x0fff] to [bus 19] add_size 1000
[    0.252836] pci 0000:00:17.7: bridge window [io  0x1000-0x0fff] to [bus 1a] add_size 1000
[    0.252973] pci 0000:00:18.2: bridge window [io  0x1000-0x0fff] to [bus 1d] add_size 1000
[    0.253016] pci 0000:00:18.3: bridge window [io  0x1000-0x0fff] to [bus 1e] add_size 1000
[    0.253059] pci 0000:00:18.4: bridge window [io  0x1000-0x0fff] to [bus 1f] add_size 1000
[    0.253101] pci 0000:00:18.5: bridge window [io  0x1000-0x0fff] to [bus 20] add_size 1000
[    0.253143] pci 0000:00:18.6: bridge window [io  0x1000-0x0fff] to [bus 21] add_size 1000
[    0.253194] pci 0000:00:18.7: bridge window [io  0x1000-0x0fff] to [bus 22] add_size 1000
[    0.253197] pci 0000:00:07.3: BAR 13: [io  0x1000-0x103f] has bogus alignment
[    0.253205] pci 0000:00:15.0: res[15]=[mem 0x00100000-0x000fffff 64bit pref] get_res_add_size add_size 200000
[    0.253207] pci 0000:00:15.3: res[13]=[io  0x1000-0x0fff] get_res_add_size add_size 1000
[    0.253208] pci 0000:00:15.4: res[13]=[io  0x1000-0x0fff] get_res_add_size add_size 1000
[    0.253209] pci 0000:00:15.5: res[13]=[io  0x1000-0x0fff] get_res_add_size add_size 1000
[    0.253210] pci 0000:00:15.6: res[13]=[io  0x1000-0x0fff] get_res_add_size add_size 1000
[    0.253211] pci 0000:00:15.7: res[13]=[io  0x1000-0x0fff] get_res_add_size add_size 1000
[    0.253212] pci 0000:00:16.3: res[13]=[io  0x1000-0x0fff] get_res_add_size add_size 1000
[    0.253213] pci 0000:00:16.4: res[13]=[io  0x1000-0x0fff] get_res_add_size add_size 1000
[    0.253214] pci 0000:00:16.5: res[13]=[io  0x1000-0x0fff] get_res_add_size add_size 1000
[    0.253215] pci 0000:00:16.6: res[13]=[io  0x1000-0x0fff] get_res_add_size add_size 1000
[    0.253216] pci 0000:00:16.7: res[13]=[io  0x1000-0x0fff] get_res_add_size add_size 1000
[    0.253217] pci 0000:00:17.3: res[13]=[io  0x1000-0x0fff] get_res_add_size add_size 1000
[    0.253218] pci 0000:00:17.4: res[13]=[io  0x1000-0x0fff] get_res_add_size add_size 1000
[    0.253219] pci 0000:00:17.5: res[13]=[io  0x1000-0x0fff] get_res_add_size add_size 1000
[    0.253220] pci 0000:00:17.6: res[13]=[io  0x1000-0x0fff] get_res_add_size add_size 1000
[    0.253221] pci 0000:00:17.7: res[13]=[io  0x1000-0x0fff] get_res_add_size add_size 1000
[    0.253222] pci 0000:00:18.2: res[13]=[io  0x1000-0x0fff] get_res_add_size add_size 1000
[    0.253224] pci 0000:00:18.3: res[13]=[io  0x1000-0x0fff] get_res_add_size add_size 1000
[    0.253225] pci 0000:00:18.4: res[13]=[io  0x1000-0x0fff] get_res_add_size add_size 1000
[    0.253226] pci 0000:00:18.5: res[13]=[io  0x1000-0x0fff] get_res_add_size add_size 1000
[    0.253227] pci 0000:00:18.6: res[13]=[io  0x1000-0x0fff] get_res_add_size add_size 1000
[    0.253228] pci 0000:00:18.7: res[13]=[io  0x1000-0x0fff] get_res_add_size add_size 1000
[    0.253233] pci 0000:00:15.0: BAR 15: assigned [mem 0x60000000-0x601fffff 64bit pref]
[    0.253235] pci 0000:00:0f.0: BAR 6: assigned [mem 0x60200000-0x60207fff pref]
[    0.253237] pci 0000:00:10.0: BAR 6: assigned [mem 0x60208000-0x6020bfff pref]
[    0.253240] pci 0000:00:15.3: BAR 13: no space for [io  size 0x1000]
[    0.253241] pci 0000:00:15.3: BAR 13: failed to assign [io  size 0x1000]
[    0.253243] pci 0000:00:15.4: BAR 13: no space for [io  size 0x1000]
[    0.253244] pci 0000:00:15.4: BAR 13: failed to assign [io  size 0x1000]
[    0.253245] pci 0000:00:15.5: BAR 13: no space for [io  size 0x1000]
[    0.253246] pci 0000:00:15.5: BAR 13: failed to assign [io  size 0x1000]
[    0.253248] pci 0000:00:15.6: BAR 13: no space for [io  size 0x1000]
[    0.253249] pci 0000:00:15.6: BAR 13: failed to assign [io  size 0x1000]
[    0.253250] pci 0000:00:15.7: BAR 13: no space for [io  size 0x1000]
[    0.253251] pci 0000:00:15.7: BAR 13: failed to assign [io  size 0x1000]
[    0.253253] pci 0000:00:16.3: BAR 13: no space for [io  size 0x1000]
[    0.253254] pci 0000:00:16.3: BAR 13: failed to assign [io  size 0x1000]
[    0.253255] pci 0000:00:16.4: BAR 13: no space for [io  size 0x1000]
[    0.253256] pci 0000:00:16.4: BAR 13: failed to assign [io  size 0x1000]
[    0.253257] pci 0000:00:16.5: BAR 13: no space for [io  size 0x1000]
[    0.253258] pci 0000:00:16.5: BAR 13: failed to assign [io  size 0x1000]
[    0.253260] pci 0000:00:16.6: BAR 13: no space for [io  size 0x1000]
[    0.253261] pci 0000:00:16.6: BAR 13: failed to assign [io  size 0x1000]
[    0.253262] pci 0000:00:16.7: BAR 13: no space for [io  size 0x1000]
[    0.253263] pci 0000:00:16.7: BAR 13: failed to assign [io  size 0x1000]
[    0.253265] pci 0000:00:17.3: BAR 13: no space for [io  size 0x1000]
[    0.253266] pci 0000:00:17.3: BAR 13: failed to assign [io  size 0x1000]
[    0.253267] pci 0000:00:17.4: BAR 13: no space for [io  size 0x1000]
[    0.253268] pci 0000:00:17.4: BAR 13: failed to assign [io  size 0x1000]
[    0.253270] pci 0000:00:17.5: BAR 13: no space for [io  size 0x1000]
[    0.253271] pci 0000:00:17.5: BAR 13: failed to assign [io  size 0x1000]
[    0.253272] pci 0000:00:17.6: BAR 13: no space for [io  size 0x1000]
[    0.253273] pci 0000:00:17.6: BAR 13: failed to assign [io  size 0x1000]
[    0.253275] pci 0000:00:17.7: BAR 13: no space for [io  size 0x1000]
[    0.253276] pci 0000:00:17.7: BAR 13: failed to assign [io  size 0x1000]
[    0.253277] pci 0000:00:18.2: BAR 13: no space for [io  size 0x1000]
[    0.253278] pci 0000:00:18.2: BAR 13: failed to assign [io  size 0x1000]
[    0.253280] pci 0000:00:18.3: BAR 13: no space for [io  size 0x1000]
[    0.253280] pci 0000:00:18.3: BAR 13: failed to assign [io  size 0x1000]
[    0.253282] pci 0000:00:18.4: BAR 13: no space for [io  size 0x1000]
[    0.253283] pci 0000:00:18.4: BAR 13: failed to assign [io  size 0x1000]
[    0.253284] pci 0000:00:18.5: BAR 13: no space for [io  size 0x1000]
[    0.253285] pci 0000:00:18.5: BAR 13: failed to assign [io  size 0x1000]
[    0.253287] pci 0000:00:18.6: BAR 13: no space for [io  size 0x1000]
[    0.253288] pci 0000:00:18.6: BAR 13: failed to assign [io  size 0x1000]
[    0.253290] pci 0000:00:18.7: BAR 13: no space for [io  size 0x1000]
[    0.253291] pci 0000:00:18.7: BAR 13: failed to assign [io  size 0x1000]
[    0.253295] pci 0000:00:18.7: BAR 13: no space for [io  size 0x1000]
[    0.253296] pci 0000:00:18.7: BAR 13: failed to assign [io  size 0x1000]
[    0.253298] pci 0000:00:18.6: BAR 13: no space for [io  size 0x1000]
[    0.253299] pci 0000:00:18.6: BAR 13: failed to assign [io  size 0x1000]
[    0.253300] pci 0000:00:18.5: BAR 13: no space for [io  size 0x1000]
[    0.253301] pci 0000:00:18.5: BAR 13: failed to assign [io  size 0x1000]
[    0.253303] pci 0000:00:18.4: BAR 13: no space for [io  size 0x1000]
[    0.253304] pci 0000:00:18.4: BAR 13: failed to assign [io  size 0x1000]
[    0.253305] pci 0000:00:18.3: BAR 13: no space for [io  size 0x1000]
[    0.253306] pci 0000:00:18.3: BAR 13: failed to assign [io  size 0x1000]
[    0.253308] pci 0000:00:18.2: BAR 13: no space for [io  size 0x1000]
[    0.253309] pci 0000:00:18.2: BAR 13: failed to assign [io  size 0x1000]
[    0.253310] pci 0000:00:17.7: BAR 13: no space for [io  size 0x1000]
[    0.253311] pci 0000:00:17.7: BAR 13: failed to assign [io  size 0x1000]
[    0.253313] pci 0000:00:17.6: BAR 13: no space for [io  size 0x1000]
[    0.253314] pci 0000:00:17.6: BAR 13: failed to assign [io  size 0x1000]
[    0.253315] pci 0000:00:17.5: BAR 13: no space for [io  size 0x1000]
[    0.253316] pci 0000:00:17.5: BAR 13: failed to assign [io  size 0x1000]
[    0.253318] pci 0000:00:17.4: BAR 13: no space for [io  size 0x1000]
[    0.253319] pci 0000:00:17.4: BAR 13: failed to assign [io  size 0x1000]
[    0.253320] pci 0000:00:17.3: BAR 13: no space for [io  size 0x1000]
[    0.253321] pci 0000:00:17.3: BAR 13: failed to assign [io  size 0x1000]
[    0.253323] pci 0000:00:16.7: BAR 13: no space for [io  size 0x1000]
[    0.253324] pci 0000:00:16.7: BAR 13: failed to assign [io  size 0x1000]
[    0.253325] pci 0000:00:16.6: BAR 13: no space for [io  size 0x1000]
[    0.253326] pci 0000:00:16.6: BAR 13: failed to assign [io  size 0x1000]
[    0.253327] pci 0000:00:16.5: BAR 13: no space for [io  size 0x1000]
[    0.253328] pci 0000:00:16.5: BAR 13: failed to assign [io  size 0x1000]
[    0.253330] pci 0000:00:16.4: BAR 13: no space for [io  size 0x1000]
[    0.253331] pci 0000:00:16.4: BAR 13: failed to assign [io  size 0x1000]
[    0.253332] pci 0000:00:16.3: BAR 13: no space for [io  size 0x1000]
[    0.253333] pci 0000:00:16.3: BAR 13: failed to assign [io  size 0x1000]
[    0.253335] pci 0000:00:15.7: BAR 13: no space for [io  size 0x1000]
[    0.253336] pci 0000:00:15.7: BAR 13: failed to assign [io  size 0x1000]
[    0.253337] pci 0000:00:15.6: BAR 13: no space for [io  size 0x1000]
[    0.253338] pci 0000:00:15.6: BAR 13: failed to assign [io  size 0x1000]
[    0.253340] pci 0000:00:15.5: BAR 13: no space for [io  size 0x1000]
[    0.253341] pci 0000:00:15.5: BAR 13: failed to assign [io  size 0x1000]
[    0.253342] pci 0000:00:15.4: BAR 13: no space for [io  size 0x1000]
[    0.253343] pci 0000:00:15.4: BAR 13: failed to assign [io  size 0x1000]
[    0.253344] pci 0000:00:15.3: BAR 13: no space for [io  size 0x1000]
[    0.253345] pci 0000:00:15.3: BAR 13: failed to assign [io  size 0x1000]
[    0.253347] pci 0000:00:01.0: PCI bridge to [bus 01]
[    0.253414] pci 0000:02:01.0: BAR 6: assigned [mem 0xfd500000-0xfd50ffff pref]
[    0.253415] pci 0000:00:11.0: PCI bridge to [bus 02]
[    0.253424] pci 0000:00:11.0:   bridge window [io  0x2000-0x3fff]
[    0.253446] pci 0000:00:11.0:   bridge window [mem 0xfd500000-0xfdffffff]
[    0.253461] pci 0000:00:11.0:   bridge window [mem 0xe7b00000-0xe7ffffff 64bit pref]
[    0.253490] pci 0000:03:00.0: BAR 6: assigned [mem 0xfd400000-0xfd40ffff pref]
[    0.253491] pci 0000:00:15.0: PCI bridge to [bus 03]
[    0.253499] pci 0000:00:15.0:   bridge window [io  0x4000-0x4fff]
[    0.253521] pci 0000:00:15.0:   bridge window [mem 0xfd400000-0xfd4fffff]
[    0.253536] pci 0000:00:15.0:   bridge window [mem 0x60000000-0x601fffff 64bit pref]
[    0.253578] pci 0000:00:15.1: PCI bridge to [bus 04]
[    0.253587] pci 0000:00:15.1:   bridge window [io  0x8000-0x8fff]
[    0.253609] pci 0000:00:15.1:   bridge window [mem 0xfd000000-0xfd0fffff]
[    0.253624] pci 0000:00:15.1:   bridge window [mem 0xe7700000-0xe77fffff 64bit pref]
[    0.253658] pci 0000:00:15.2: PCI bridge to [bus 05]
[    0.253667] pci 0000:00:15.2:   bridge window [io  0xc000-0xcfff]
[    0.253688] pci 0000:00:15.2:   bridge window [mem 0xfcc00000-0xfccfffff]
[    0.253703] pci 0000:00:15.2:   bridge window [mem 0xe7300000-0xe73fffff 64bit pref]
[    0.253737] pci 0000:00:15.3: PCI bridge to [bus 06]
[    0.253759] pci 0000:00:15.3:   bridge window [mem 0xfc800000-0xfc8fffff]
[    0.253774] pci 0000:00:15.3:   bridge window [mem 0xe6f00000-0xe6ffffff 64bit pref]
[    0.253807] pci 0000:00:15.4: PCI bridge to [bus 07]
[    0.253829] pci 0000:00:15.4:   bridge window [mem 0xfc400000-0xfc4fffff]
[    0.253844] pci 0000:00:15.4:   bridge window [mem 0xe6b00000-0xe6bfffff 64bit pref]
[    0.253877] pci 0000:00:15.5: PCI bridge to [bus 08]
[    0.253899] pci 0000:00:15.5:   bridge window [mem 0xfc000000-0xfc0fffff]
[    0.253914] pci 0000:00:15.5:   bridge window [mem 0xe6700000-0xe67fffff 64bit pref]
[    0.253947] pci 0000:00:15.6: PCI bridge to [bus 09]
[    0.253969] pci 0000:00:15.6:   bridge window [mem 0xfbc00000-0xfbcfffff]
[    0.253984] pci 0000:00:15.6:   bridge window [mem 0xe6300000-0xe63fffff 64bit pref]
[    0.254017] pci 0000:00:15.7: PCI bridge to [bus 0a]
[    0.254039] pci 0000:00:15.7:   bridge window [mem 0xfb800000-0xfb8fffff]
[    0.254058] pci 0000:00:15.7:   bridge window [mem 0xe5f00000-0xe5ffffff 64bit pref]
[    0.254091] pci 0000:00:16.0: PCI bridge to [bus 0b]
[    0.254099] pci 0000:00:16.0:   bridge window [io  0x5000-0x5fff]
[    0.254121] pci 0000:00:16.0:   bridge window [mem 0xfd300000-0xfd3fffff]
[    0.254136] pci 0000:00:16.0:   bridge window [mem 0xe7a00000-0xe7afffff 64bit pref]
[    0.254169] pci 0000:00:16.1: PCI bridge to [bus 0c]
[    0.254177] pci 0000:00:16.1:   bridge window [io  0x9000-0x9fff]
[    0.254199] pci 0000:00:16.1:   bridge window [mem 0xfcf00000-0xfcffffff]
[    0.254214] pci 0000:00:16.1:   bridge window [mem 0xe7600000-0xe76fffff 64bit pref]
[    0.254247] pci 0000:00:16.2: PCI bridge to [bus 0d]
[    0.254255] pci 0000:00:16.2:   bridge window [io  0xd000-0xdfff]
[    0.254277] pci 0000:00:16.2:   bridge window [mem 0xfcb00000-0xfcbfffff]
[    0.254292] pci 0000:00:16.2:   bridge window [mem 0xe7200000-0xe72fffff 64bit pref]
[    0.254325] pci 0000:00:16.3: PCI bridge to [bus 0e]
[    0.254347] pci 0000:00:16.3:   bridge window [mem 0xfc700000-0xfc7fffff]
[    0.254362] pci 0000:00:16.3:   bridge window [mem 0xe6e00000-0xe6efffff 64bit pref]
[    0.254395] pci 0000:00:16.4: PCI bridge to [bus 0f]
[    0.254417] pci 0000:00:16.4:   bridge window [mem 0xfc300000-0xfc3fffff]
[    0.254432] pci 0000:00:16.4:   bridge window [mem 0xe6a00000-0xe6afffff 64bit pref]
[    0.254465] pci 0000:00:16.5: PCI bridge to [bus 10]
[    0.254487] pci 0000:00:16.5:   bridge window [mem 0xfbf00000-0xfbffffff]
[    0.254502] pci 0000:00:16.5:   bridge window [mem 0xe6600000-0xe66fffff 64bit pref]
[    0.254535] pci 0000:00:16.6: PCI bridge to [bus 11]
[    0.254557] pci 0000:00:16.6:   bridge window [mem 0xfbb00000-0xfbbfffff]
[    0.254572] pci 0000:00:16.6:   bridge window [mem 0xe6200000-0xe62fffff 64bit pref]
[    0.254605] pci 0000:00:16.7: PCI bridge to [bus 12]
[    0.254627] pci 0000:00:16.7:   bridge window [mem 0xfb700000-0xfb7fffff]
[    0.254642] pci 0000:00:16.7:   bridge window [mem 0xe5e00000-0xe5efffff 64bit pref]
[    0.254675] pci 0000:00:17.0: PCI bridge to [bus 13]
[    0.254683] pci 0000:00:17.0:   bridge window [io  0x6000-0x6fff]
[    0.254705] pci 0000:00:17.0:   bridge window [mem 0xfd200000-0xfd2fffff]
[    0.254720] pci 0000:00:17.0:   bridge window [mem 0xe7900000-0xe79fffff 64bit pref]
[    0.254753] pci 0000:00:17.1: PCI bridge to [bus 14]
[    0.254761] pci 0000:00:17.1:   bridge window [io  0xa000-0xafff]
[    0.254783] pci 0000:00:17.1:   bridge window [mem 0xfce00000-0xfcefffff]
[    0.254798] pci 0000:00:17.1:   bridge window [mem 0xe7500000-0xe75fffff 64bit pref]
[    0.254831] pci 0000:00:17.2: PCI bridge to [bus 15]
[    0.254839] pci 0000:00:17.2:   bridge window [io  0xe000-0xefff]
[    0.254861] pci 0000:00:17.2:   bridge window [mem 0xfca00000-0xfcafffff]
[    0.254876] pci 0000:00:17.2:   bridge window [mem 0xe7100000-0xe71fffff 64bit pref]
[    0.254909] pci 0000:00:17.3: PCI bridge to [bus 16]
[    0.254931] pci 0000:00:17.3:   bridge window [mem 0xfc600000-0xfc6fffff]
[    0.254946] pci 0000:00:17.3:   bridge window [mem 0xe6d00000-0xe6dfffff 64bit pref]
[    0.254983] pci 0000:00:17.4: PCI bridge to [bus 17]
[    0.255005] pci 0000:00:17.4:   bridge window [mem 0xfc200000-0xfc2fffff]
[    0.255020] pci 0000:00:17.4:   bridge window [mem 0xe6900000-0xe69fffff 64bit pref]
[    0.255053] pci 0000:00:17.5: PCI bridge to [bus 18]
[    0.255075] pci 0000:00:17.5:   bridge window [mem 0xfbe00000-0xfbefffff]
[    0.255090] pci 0000:00:17.5:   bridge window [mem 0xe6500000-0xe65fffff 64bit pref]
[    0.255123] pci 0000:00:17.6: PCI bridge to [bus 19]
[    0.255145] pci 0000:00:17.6:   bridge window [mem 0xfba00000-0xfbafffff]
[    0.255160] pci 0000:00:17.6:   bridge window [mem 0xe6100000-0xe61fffff 64bit pref]
[    0.255193] pci 0000:00:17.7: PCI bridge to [bus 1a]
[    0.255215] pci 0000:00:17.7:   bridge window [mem 0xfb600000-0xfb6fffff]
[    0.255230] pci 0000:00:17.7:   bridge window [mem 0xe5d00000-0xe5dfffff 64bit pref]
[    0.255263] pci 0000:00:18.0: PCI bridge to [bus 1b]
[    0.255272] pci 0000:00:18.0:   bridge window [io  0x7000-0x7fff]
[    0.255293] pci 0000:00:18.0:   bridge window [mem 0xfd100000-0xfd1fffff]
[    0.255308] pci 0000:00:18.0:   bridge window [mem 0xe7800000-0xe78fffff 64bit pref]
[    0.255341] pci 0000:00:18.1: PCI bridge to [bus 1c]
[    0.255350] pci 0000:00:18.1:   bridge window [io  0xb000-0xbfff]
[    0.255371] pci 0000:00:18.1:   bridge window [mem 0xfcd00000-0xfcdfffff]
[    0.255386] pci 0000:00:18.1:   bridge window [mem 0xe7400000-0xe74fffff 64bit pref]
[    0.255420] pci 0000:00:18.2: PCI bridge to [bus 1d]
[    0.255442] pci 0000:00:18.2:   bridge window [mem 0xfc900000-0xfc9fffff]
[    0.255457] pci 0000:00:18.2:   bridge window [mem 0xe7000000-0xe70fffff 64bit pref]
[    0.255490] pci 0000:00:18.3: PCI bridge to [bus 1e]
[    0.255512] pci 0000:00:18.3:   bridge window [mem 0xfc500000-0xfc5fffff]
[    0.255527] pci 0000:00:18.3:   bridge window [mem 0xe6c00000-0xe6cfffff 64bit pref]
[    0.255560] pci 0000:00:18.4: PCI bridge to [bus 1f]
[    0.255582] pci 0000:00:18.4:   bridge window [mem 0xfc100000-0xfc1fffff]
[    0.255597] pci 0000:00:18.4:   bridge window [mem 0xe6800000-0xe68fffff 64bit pref]
[    0.255631] pci 0000:00:18.5: PCI bridge to [bus 20]
[    0.255653] pci 0000:00:18.5:   bridge window [mem 0xfbd00000-0xfbdfffff]
[    0.255668] pci 0000:00:18.5:   bridge window [mem 0xe6400000-0xe64fffff 64bit pref]
[    0.255701] pci 0000:00:18.6: PCI bridge to [bus 21]
[    0.255723] pci 0000:00:18.6:   bridge window [mem 0xfb900000-0xfb9fffff]
[    0.255738] pci 0000:00:18.6:   bridge window [mem 0xe6000000-0xe60fffff 64bit pref]
[    0.255771] pci 0000:00:18.7: PCI bridge to [bus 22]
[    0.255793] pci 0000:00:18.7:   bridge window [mem 0xfb500000-0xfb5fffff]
[    0.255808] pci 0000:00:18.7:   bridge window [mem 0xe5c00000-0xe5cfffff 64bit pref]
[    0.255842] pci_bus 0000:00: resource 4 [mem 0x000a0000-0x000bffff]
[    0.255844] pci_bus 0000:00: resource 5 [mem 0x000d0000-0x000d3fff]
[    0.255845] pci_bus 0000:00: resource 6 [mem 0x000d4000-0x000d7fff]
[    0.255846] pci_bus 0000:00: resource 7 [mem 0x000d8000-0x000dbfff]
[    0.255847] pci_bus 0000:00: resource 8 [mem 0x60000000-0xfebfffff]
[    0.255848] pci_bus 0000:00: resource 9 [io  0x0000-0x0cf7]
[    0.255849] pci_bus 0000:00: resource 10 [io  0x0d00-0xfeff]
[    0.255851] pci_bus 0000:02: resource 0 [io  0x2000-0x3fff]
[    0.255852] pci_bus 0000:02: resource 1 [mem 0xfd500000-0xfdffffff]
[    0.255853] pci_bus 0000:02: resource 2 [mem 0xe7b00000-0xe7ffffff 64bit pref]
[    0.255854] pci_bus 0000:02: resource 4 [mem 0x000a0000-0x000bffff]
[    0.255855] pci_bus 0000:02: resource 5 [mem 0x000d0000-0x000d3fff]
[    0.255856] pci_bus 0000:02: resource 6 [mem 0x000d4000-0x000d7fff]
[    0.255857] pci_bus 0000:02: resource 7 [mem 0x000d8000-0x000dbfff]
[    0.255858] pci_bus 0000:02: resource 8 [mem 0x60000000-0xfebfffff]
[    0.255859] pci_bus 0000:02: resource 9 [io  0x0000-0x0cf7]
[    0.255860] pci_bus 0000:02: resource 10 [io  0x0d00-0xfeff]
[    0.255861] pci_bus 0000:03: resource 0 [io  0x4000-0x4fff]
[    0.255862] pci_bus 0000:03: resource 1 [mem 0xfd400000-0xfd4fffff]
[    0.255863] pci_bus 0000:03: resource 2 [mem 0x60000000-0x601fffff 64bit pref]
[    0.255864] pci_bus 0000:04: resource 0 [io  0x8000-0x8fff]
[    0.255865] pci_bus 0000:04: resource 1 [mem 0xfd000000-0xfd0fffff]
[    0.255866] pci_bus 0000:04: resource 2 [mem 0xe7700000-0xe77fffff 64bit pref]
[    0.255867] pci_bus 0000:05: resource 0 [io  0xc000-0xcfff]
[    0.255868] pci_bus 0000:05: resource 1 [mem 0xfcc00000-0xfccfffff]
[    0.255869] pci_bus 0000:05: resource 2 [mem 0xe7300000-0xe73fffff 64bit pref]
[    0.255870] pci_bus 0000:06: resource 1 [mem 0xfc800000-0xfc8fffff]
[    0.255871] pci_bus 0000:06: resource 2 [mem 0xe6f00000-0xe6ffffff 64bit pref]
[    0.255872] pci_bus 0000:07: resource 1 [mem 0xfc400000-0xfc4fffff]
[    0.255874] pci_bus 0000:07: resource 2 [mem 0xe6b00000-0xe6bfffff 64bit pref]
[    0.255875] pci_bus 0000:08: resource 1 [mem 0xfc000000-0xfc0fffff]
[    0.255876] pci_bus 0000:08: resource 2 [mem 0xe6700000-0xe67fffff 64bit pref]
[    0.255877] pci_bus 0000:09: resource 1 [mem 0xfbc00000-0xfbcfffff]
[    0.255878] pci_bus 0000:09: resource 2 [mem 0xe6300000-0xe63fffff 64bit pref]
[    0.255879] pci_bus 0000:0a: resource 1 [mem 0xfb800000-0xfb8fffff]
[    0.255880] pci_bus 0000:0a: resource 2 [mem 0xe5f00000-0xe5ffffff 64bit pref]
[    0.255881] pci_bus 0000:0b: resource 0 [io  0x5000-0x5fff]
[    0.255882] pci_bus 0000:0b: resource 1 [mem 0xfd300000-0xfd3fffff]
[    0.255883] pci_bus 0000:0b: resource 2 [mem 0xe7a00000-0xe7afffff 64bit pref]
[    0.255884] pci_bus 0000:0c: resource 0 [io  0x9000-0x9fff]
[    0.255885] pci_bus 0000:0c: resource 1 [mem 0xfcf00000-0xfcffffff]
[    0.255886] pci_bus 0000:0c: resource 2 [mem 0xe7600000-0xe76fffff 64bit pref]
[    0.255887] pci_bus 0000:0d: resource 0 [io  0xd000-0xdfff]
[    0.255888] pci_bus 0000:0d: resource 1 [mem 0xfcb00000-0xfcbfffff]
[    0.255889] pci_bus 0000:0d: resource 2 [mem 0xe7200000-0xe72fffff 64bit pref]
[    0.255890] pci_bus 0000:0e: resource 1 [mem 0xfc700000-0xfc7fffff]
[    0.255891] pci_bus 0000:0e: resource 2 [mem 0xe6e00000-0xe6efffff 64bit pref]
[    0.255892] pci_bus 0000:0f: resource 1 [mem 0xfc300000-0xfc3fffff]
[    0.255893] pci_bus 0000:0f: resource 2 [mem 0xe6a00000-0xe6afffff 64bit pref]
[    0.255894] pci_bus 0000:10: resource 1 [mem 0xfbf00000-0xfbffffff]
[    0.255895] pci_bus 0000:10: resource 2 [mem 0xe6600000-0xe66fffff 64bit pref]
[    0.255896] pci_bus 0000:11: resource 1 [mem 0xfbb00000-0xfbbfffff]
[    0.255897] pci_bus 0000:11: resource 2 [mem 0xe6200000-0xe62fffff 64bit pref]
[    0.255898] pci_bus 0000:12: resource 1 [mem 0xfb700000-0xfb7fffff]
[    0.255899] pci_bus 0000:12: resource 2 [mem 0xe5e00000-0xe5efffff 64bit pref]
[    0.255900] pci_bus 0000:13: resource 0 [io  0x6000-0x6fff]
[    0.255901] pci_bus 0000:13: resource 1 [mem 0xfd200000-0xfd2fffff]
[    0.255902] pci_bus 0000:13: resource 2 [mem 0xe7900000-0xe79fffff 64bit pref]
[    0.255903] pci_bus 0000:14: resource 0 [io  0xa000-0xafff]
[    0.255904] pci_bus 0000:14: resource 1 [mem 0xfce00000-0xfcefffff]
[    0.255905] pci_bus 0000:14: resource 2 [mem 0xe7500000-0xe75fffff 64bit pref]
[    0.255906] pci_bus 0000:15: resource 0 [io  0xe000-0xefff]
[    0.255907] pci_bus 0000:15: resource 1 [mem 0xfca00000-0xfcafffff]
[    0.255908] pci_bus 0000:15: resource 2 [mem 0xe7100000-0xe71fffff 64bit pref]
[    0.255909] pci_bus 0000:16: resource 1 [mem 0xfc600000-0xfc6fffff]
[    0.255910] pci_bus 0000:16: resource 2 [mem 0xe6d00000-0xe6dfffff 64bit pref]
[    0.255911] pci_bus 0000:17: resource 1 [mem 0xfc200000-0xfc2fffff]
[    0.255912] pci_bus 0000:17: resource 2 [mem 0xe6900000-0xe69fffff 64bit pref]
[    0.255913] pci_bus 0000:18: resource 1 [mem 0xfbe00000-0xfbefffff]
[    0.255914] pci_bus 0000:18: resource 2 [mem 0xe6500000-0xe65fffff 64bit pref]
[    0.255915] pci_bus 0000:19: resource 1 [mem 0xfba00000-0xfbafffff]
[    0.255916] pci_bus 0000:19: resource 2 [mem 0xe6100000-0xe61fffff 64bit pref]
[    0.255917] pci_bus 0000:1a: resource 1 [mem 0xfb600000-0xfb6fffff]
[    0.255918] pci_bus 0000:1a: resource 2 [mem 0xe5d00000-0xe5dfffff 64bit pref]
[    0.255919] pci_bus 0000:1b: resource 0 [io  0x7000-0x7fff]
[    0.255920] pci_bus 0000:1b: resource 1 [mem 0xfd100000-0xfd1fffff]
[    0.255921] pci_bus 0000:1b: resource 2 [mem 0xe7800000-0xe78fffff 64bit pref]
[    0.255922] pci_bus 0000:1c: resource 0 [io  0xb000-0xbfff]
[    0.255923] pci_bus 0000:1c: resource 1 [mem 0xfcd00000-0xfcdfffff]
[    0.255924] pci_bus 0000:1c: resource 2 [mem 0xe7400000-0xe74fffff 64bit pref]
[    0.255925] pci_bus 0000:1d: resource 1 [mem 0xfc900000-0xfc9fffff]
[    0.255926] pci_bus 0000:1d: resource 2 [mem 0xe7000000-0xe70fffff 64bit pref]
[    0.255927] pci_bus 0000:1e: resource 1 [mem 0xfc500000-0xfc5fffff]
[    0.255928] pci_bus 0000:1e: resource 2 [mem 0xe6c00000-0xe6cfffff 64bit pref]
[    0.255929] pci_bus 0000:1f: resource 1 [mem 0xfc100000-0xfc1fffff]
[    0.255930] pci_bus 0000:1f: resource 2 [mem 0xe6800000-0xe68fffff 64bit pref]
[    0.255931] pci_bus 0000:20: resource 1 [mem 0xfbd00000-0xfbdfffff]
[    0.255932] pci_bus 0000:20: resource 2 [mem 0xe6400000-0xe64fffff 64bit pref]
[    0.255933] pci_bus 0000:21: resource 1 [mem 0xfb900000-0xfb9fffff]
[    0.255934] pci_bus 0000:21: resource 2 [mem 0xe6000000-0xe60fffff 64bit pref]
[    0.255935] pci_bus 0000:22: resource 1 [mem 0xfb500000-0xfb5fffff]
[    0.255936] pci_bus 0000:22: resource 2 [mem 0xe5c00000-0xe5cfffff 64bit pref]
[    0.255960] NET: Registered protocol family 2
[    0.256088] TCP established hash table entries: 16384 (order: 5, 131072 bytes)
[    0.256118] TCP bind hash table entries: 16384 (order: 6, 262144 bytes)
[    0.256148] TCP: Hash tables configured (established 16384 bind 16384)
[    0.256170] TCP: reno registered
[    0.256173] UDP hash table entries: 1024 (order: 3, 32768 bytes)
[    0.256180] UDP-Lite hash table entries: 1024 (order: 3, 32768 bytes)
[    0.256211] NET: Registered protocol family 1
[    0.256219] pci 0000:00:00.0: Limiting direct PCI/PCI transfers
[    0.256277] pci 0000:00:0f.0: Video device with shadowed ROM
[    0.256542] PCI: CLS 32 bytes, default 64
[    0.256580] Trying to unpack rootfs image as initramfs...
[    0.523535] Freeing initrd memory: 19328K (ffff880035a30000 - ffff880036d10000)
[    0.523594] Simple Boot Flag at 0x36 set to 0x80
[    0.523639] Switched to clocksource tsc
[    0.523720] microcode: CPU0 sig=0x306f2, pf=0x1, revision=0x31
[    0.523753] microcode: Microcode Update Driver: v2.00 <tigran@aivazian.fsnet.co.uk>, Peter Oruba
[    0.523774] Scanning for low memory corruption every 60 seconds
[    0.524002] futex hash table entries: 256 (order: 2, 16384 bytes)
[    0.524010] Initialise system trusted keyring
[    0.524028] audit: initializing netlink subsys (disabled)
[    0.524042] audit: type=2000 audit(1459991991.506:1): initialized
[    0.524285] HugeTLB registered 2 MB page size, pre-allocated 0 pages
[    0.525449] zpool: loaded
[    0.525452] zbud: loaded
[    0.525587] VFS: Disk quotas dquot_6.5.2
[    0.525615] VFS: Dquot-cache hash table entries: 512 (order 0, 4096 bytes)
[    0.525957] fuse init (API version 7.23)
[    0.526058] Key type big_key registered
[    0.526208] Key type asymmetric registered
[    0.526211] Asymmetric key parser 'x509' registered
[    0.526241] Block layer SCSI generic (bsg) driver version 0.4 loaded (major 252)
[    0.526259] io scheduler noop registered
[    0.526263] io scheduler deadline registered (default)
[    0.526287] io scheduler cfq registered
[    0.540582] pcieport 0000:00:15.0: Signaling PME through PCIe PME interrupt
[    0.540584] pci 0000:03:00.0: Signaling PME through PCIe PME interrupt
[    0.540600] pcie_pme 0000:00:15.0:pcie01: service driver pcie_pme loaded
[    0.540677] pcieport 0000:00:15.1: Signaling PME through PCIe PME interrupt
[    0.540695] pcie_pme 0000:00:15.1:pcie01: service driver pcie_pme loaded
[    0.540776] pcieport 0000:00:15.2: Signaling PME through PCIe PME interrupt
[    0.540791] pcie_pme 0000:00:15.2:pcie01: service driver pcie_pme loaded
[    0.540867] pcieport 0000:00:15.3: Signaling PME through PCIe PME interrupt
[    0.540882] pcie_pme 0000:00:15.3:pcie01: service driver pcie_pme loaded
[    0.540958] pcieport 0000:00:15.4: Signaling PME through PCIe PME interrupt
[    0.540973] pcie_pme 0000:00:15.4:pcie01: service driver pcie_pme loaded
[    0.541058] pcieport 0000:00:15.5: Signaling PME through PCIe PME interrupt
[    0.541074] pcie_pme 0000:00:15.5:pcie01: service driver pcie_pme loaded
[    0.541151] pcieport 0000:00:15.6: Signaling PME through PCIe PME interrupt
[    0.541166] pcie_pme 0000:00:15.6:pcie01: service driver pcie_pme loaded
[    0.541241] pcieport 0000:00:15.7: Signaling PME through PCIe PME interrupt
[    0.541256] pcie_pme 0000:00:15.7:pcie01: service driver pcie_pme loaded
[    0.541332] pcieport 0000:00:16.0: Signaling PME through PCIe PME interrupt
[    0.541348] pcie_pme 0000:00:16.0:pcie01: service driver pcie_pme loaded
[    0.541423] pcieport 0000:00:16.1: Signaling PME through PCIe PME interrupt
[    0.541442] pcie_pme 0000:00:16.1:pcie01: service driver pcie_pme loaded
[    0.541518] pcieport 0000:00:16.2: Signaling PME through PCIe PME interrupt
[    0.541533] pcie_pme 0000:00:16.2:pcie01: service driver pcie_pme loaded
[    0.541608] pcieport 0000:00:16.3: Signaling PME through PCIe PME interrupt
[    0.541624] pcie_pme 0000:00:16.3:pcie01: service driver pcie_pme loaded
[    0.541699] pcieport 0000:00:16.4: Signaling PME through PCIe PME interrupt
[    0.541714] pcie_pme 0000:00:16.4:pcie01: service driver pcie_pme loaded
[    0.541789] pcieport 0000:00:16.5: Signaling PME through PCIe PME interrupt
[    0.541804] pcie_pme 0000:00:16.5:pcie01: service driver pcie_pme loaded
[    0.541880] pcieport 0000:00:16.6: Signaling PME through PCIe PME interrupt
[    0.541895] pcie_pme 0000:00:16.6:pcie01: service driver pcie_pme loaded
[    0.541971] pcieport 0000:00:16.7: Signaling PME through PCIe PME interrupt
[    0.541986] pcie_pme 0000:00:16.7:pcie01: service driver pcie_pme loaded
[    0.542061] pcieport 0000:00:17.0: Signaling PME through PCIe PME interrupt
[    0.542076] pcie_pme 0000:00:17.0:pcie01: service driver pcie_pme loaded
[    0.542152] pcieport 0000:00:17.1: Signaling PME through PCIe PME interrupt
[    0.542167] pcie_pme 0000:00:17.1:pcie01: service driver pcie_pme loaded
[    0.542242] pcieport 0000:00:17.2: Signaling PME through PCIe PME interrupt
[    0.542257] pcie_pme 0000:00:17.2:pcie01: service driver pcie_pme loaded
[    0.542332] pcieport 0000:00:17.3: Signaling PME through PCIe PME interrupt
[    0.542347] pcie_pme 0000:00:17.3:pcie01: service driver pcie_pme loaded
[    0.542423] pcieport 0000:00:17.4: Signaling PME through PCIe PME interrupt
[    0.542438] pcie_pme 0000:00:17.4:pcie01: service driver pcie_pme loaded
[    0.542514] pcieport 0000:00:17.5: Signaling PME through PCIe PME interrupt
[    0.542534] pcie_pme 0000:00:17.5:pcie01: service driver pcie_pme loaded
[    0.542609] pcieport 0000:00:17.6: Signaling PME through PCIe PME interrupt
[    0.542624] pcie_pme 0000:00:17.6:pcie01: service driver pcie_pme loaded
[    0.542706] pcieport 0000:00:17.7: Signaling PME through PCIe PME interrupt
[    0.542723] pcie_pme 0000:00:17.7:pcie01: service driver pcie_pme loaded
[    0.542799] pcieport 0000:00:18.0: Signaling PME through PCIe PME interrupt
[    0.542814] pcie_pme 0000:00:18.0:pcie01: service driver pcie_pme loaded
[    0.542889] pcieport 0000:00:18.1: Signaling PME through PCIe PME interrupt
[    0.542905] pcie_pme 0000:00:18.1:pcie01: service driver pcie_pme loaded
[    0.542980] pcieport 0000:00:18.2: Signaling PME through PCIe PME interrupt
[    0.542996] pcie_pme 0000:00:18.2:pcie01: service driver pcie_pme loaded
[    0.543071] pcieport 0000:00:18.3: Signaling PME through PCIe PME interrupt
[    0.543086] pcie_pme 0000:00:18.3:pcie01: service driver pcie_pme loaded
[    0.543162] pcieport 0000:00:18.4: Signaling PME through PCIe PME interrupt
[    0.543177] pcie_pme 0000:00:18.4:pcie01: service driver pcie_pme loaded
[    0.543253] pcieport 0000:00:18.5: Signaling PME through PCIe PME interrupt
[    0.543268] pcie_pme 0000:00:18.5:pcie01: service driver pcie_pme loaded
[    0.543344] pcieport 0000:00:18.6: Signaling PME through PCIe PME interrupt
[    0.543359] pcie_pme 0000:00:18.6:pcie01: service driver pcie_pme loaded
[    0.543434] pcieport 0000:00:18.7: Signaling PME through PCIe PME interrupt
[    0.543452] pcie_pme 0000:00:18.7:pcie01: service driver pcie_pme loaded
[    0.543459] pci_hotplug: PCI Hot Plug PCI Core version: 0.5
[    0.543791] pciehp 0000:00:15.0:pcie04: Slot #160 AttnBtn+ AttnInd- PwrInd- PwrCtrl+ MRL- Interlock- NoCompl+ LLActRep+
[    0.543833] pciehp 0000:00:15.0:pcie04: service driver pciehp loaded
[    0.543858] pciehp 0000:00:15.1:pcie04: Slot #161 AttnBtn+ AttnInd- PwrInd- PwrCtrl+ MRL- Interlock- NoCompl+ LLActRep+
[    0.543895] pciehp 0000:00:15.1:pcie04: service driver pciehp loaded
[    0.543919] pciehp 0000:00:15.2:pcie04: Slot #162 AttnBtn+ AttnInd- PwrInd- PwrCtrl+ MRL- Interlock- NoCompl+ LLActRep+
[    0.543955] pciehp 0000:00:15.2:pcie04: service driver pciehp loaded
[    0.543979] pciehp 0000:00:15.3:pcie04: Slot #163 AttnBtn+ AttnInd- PwrInd- PwrCtrl+ MRL- Interlock- NoCompl+ LLActRep+
[    0.544014] pciehp 0000:00:15.3:pcie04: service driver pciehp loaded
[    0.544039] pciehp 0000:00:15.4:pcie04: Slot #164 AttnBtn+ AttnInd- PwrInd- PwrCtrl+ MRL- Interlock- NoCompl+ LLActRep+
[    0.544073] pciehp 0000:00:15.4:pcie04: service driver pciehp loaded
[    0.544098] pciehp 0000:00:15.5:pcie04: Slot #165 AttnBtn+ AttnInd- PwrInd- PwrCtrl+ MRL- Interlock- NoCompl+ LLActRep+
[    0.544133] pciehp 0000:00:15.5:pcie04: service driver pciehp loaded
[    0.544157] pciehp 0000:00:15.6:pcie04: Slot #166 AttnBtn+ AttnInd- PwrInd- PwrCtrl+ MRL- Interlock- NoCompl+ LLActRep+
[    0.544191] pciehp 0000:00:15.6:pcie04: service driver pciehp loaded
[    0.544216] pciehp 0000:00:15.7:pcie04: Slot #167 AttnBtn+ AttnInd- PwrInd- PwrCtrl+ MRL- Interlock- NoCompl+ LLActRep+
[    0.544251] pciehp 0000:00:15.7:pcie04: service driver pciehp loaded
[    0.544275] pciehp 0000:00:16.0:pcie04: Slot #192 AttnBtn+ AttnInd- PwrInd- PwrCtrl+ MRL- Interlock- NoCompl+ LLActRep+
[    0.544311] pciehp 0000:00:16.0:pcie04: service driver pciehp loaded
[    0.544336] pciehp 0000:00:16.1:pcie04: Slot #193 AttnBtn+ AttnInd- PwrInd- PwrCtrl+ MRL- Interlock- NoCompl+ LLActRep+
[    0.544371] pciehp 0000:00:16.1:pcie04: service driver pciehp loaded
[    0.544395] pciehp 0000:00:16.2:pcie04: Slot #194 AttnBtn+ AttnInd- PwrInd- PwrCtrl+ MRL- Interlock- NoCompl+ LLActRep+
[    0.544431] pciehp 0000:00:16.2:pcie04: service driver pciehp loaded
[    0.544456] pciehp 0000:00:16.3:pcie04: Slot #195 AttnBtn+ AttnInd- PwrInd- PwrCtrl+ MRL- Interlock- NoCompl+ LLActRep+
[    0.544491] pciehp 0000:00:16.3:pcie04: service driver pciehp loaded
[    0.544515] pciehp 0000:00:16.4:pcie04: Slot #196 AttnBtn+ AttnInd- PwrInd- PwrCtrl+ MRL- Interlock- NoCompl+ LLActRep+
[    0.544550] pciehp 0000:00:16.4:pcie04: service driver pciehp loaded
[    0.544574] pciehp 0000:00:16.5:pcie04: Slot #197 AttnBtn+ AttnInd- PwrInd- PwrCtrl+ MRL- Interlock- NoCompl+ LLActRep+
[    0.544609] pciehp 0000:00:16.5:pcie04: service driver pciehp loaded
[    0.544633] pciehp 0000:00:16.6:pcie04: Slot #198 AttnBtn+ AttnInd- PwrInd- PwrCtrl+ MRL- Interlock- NoCompl+ LLActRep+
[    0.544668] pciehp 0000:00:16.6:pcie04: service driver pciehp loaded
[    0.544693] pciehp 0000:00:16.7:pcie04: Slot #199 AttnBtn+ AttnInd- PwrInd- PwrCtrl+ MRL- Interlock- NoCompl+ LLActRep+
[    0.544728] pciehp 0000:00:16.7:pcie04: service driver pciehp loaded
[    0.544757] pciehp 0000:00:17.0:pcie04: Slot #224 AttnBtn+ AttnInd- PwrInd- PwrCtrl+ MRL- Interlock- NoCompl+ LLActRep+
[    0.544792] pciehp 0000:00:17.0:pcie04: service driver pciehp loaded
[    0.544816] pciehp 0000:00:17.1:pcie04: Slot #225 AttnBtn+ AttnInd- PwrInd- PwrCtrl+ MRL- Interlock- NoCompl+ LLActRep+
[    0.544851] pciehp 0000:00:17.1:pcie04: service driver pciehp loaded
[    0.544875] pciehp 0000:00:17.2:pcie04: Slot #226 AttnBtn+ AttnInd- PwrInd- PwrCtrl+ MRL- Interlock- NoCompl+ LLActRep+
[    0.544911] pciehp 0000:00:17.2:pcie04: service driver pciehp loaded
[    0.544935] pciehp 0000:00:17.3:pcie04: Slot #227 AttnBtn+ AttnInd- PwrInd- PwrCtrl+ MRL- Interlock- NoCompl+ LLActRep+
[    0.544970] pciehp 0000:00:17.3:pcie04: service driver pciehp loaded
[    0.544994] pciehp 0000:00:17.4:pcie04: Slot #228 AttnBtn+ AttnInd- PwrInd- PwrCtrl+ MRL- Interlock- NoCompl+ LLActRep+
[    0.545035] pciehp 0000:00:17.4:pcie04: service driver pciehp loaded
[    0.545062] pciehp 0000:00:17.5:pcie04: Slot #229 AttnBtn+ AttnInd- PwrInd- PwrCtrl+ MRL- Interlock- NoCompl+ LLActRep+
[    0.545098] pciehp 0000:00:17.5:pcie04: service driver pciehp loaded
[    0.545123] pciehp 0000:00:17.6:pcie04: Slot #230 AttnBtn+ AttnInd- PwrInd- PwrCtrl+ MRL- Interlock- NoCompl+ LLActRep+
[    0.545158] pciehp 0000:00:17.6:pcie04: service driver pciehp loaded
[    0.545183] pciehp 0000:00:17.7:pcie04: Slot #231 AttnBtn+ AttnInd- PwrInd- PwrCtrl+ MRL- Interlock- NoCompl+ LLActRep+
[    0.545219] pciehp 0000:00:17.7:pcie04: service driver pciehp loaded
[    0.545243] pciehp 0000:00:18.0:pcie04: Slot #256 AttnBtn+ AttnInd- PwrInd- PwrCtrl+ MRL- Interlock- NoCompl+ LLActRep+
[    0.545278] pciehp 0000:00:18.0:pcie04: service driver pciehp loaded
[    0.545302] pciehp 0000:00:18.1:pcie04: Slot #257 AttnBtn+ AttnInd- PwrInd- PwrCtrl+ MRL- Interlock- NoCompl+ LLActRep+
[    0.545337] pciehp 0000:00:18.1:pcie04: service driver pciehp loaded
[    0.545361] pciehp 0000:00:18.2:pcie04: Slot #258 AttnBtn+ AttnInd- PwrInd- PwrCtrl+ MRL- Interlock- NoCompl+ LLActRep+
[    0.545397] pciehp 0000:00:18.2:pcie04: service driver pciehp loaded
[    0.545421] pciehp 0000:00:18.3:pcie04: Slot #259 AttnBtn+ AttnInd- PwrInd- PwrCtrl+ MRL- Interlock- NoCompl+ LLActRep+
[    0.545457] pciehp 0000:00:18.3:pcie04: service driver pciehp loaded
[    0.545481] pciehp 0000:00:18.4:pcie04: Slot #260 AttnBtn+ AttnInd- PwrInd- PwrCtrl+ MRL- Interlock- NoCompl+ LLActRep+
[    0.545516] pciehp 0000:00:18.4:pcie04: service driver pciehp loaded
[    0.545545] pciehp 0000:00:18.5:pcie04: Slot #261 AttnBtn+ AttnInd- PwrInd- PwrCtrl+ MRL- Interlock- NoCompl+ LLActRep+
[    0.545589] pciehp 0000:00:18.5:pcie04: service driver pciehp loaded
[    0.545614] pciehp 0000:00:18.6:pcie04: Slot #262 AttnBtn+ AttnInd- PwrInd- PwrCtrl+ MRL- Interlock- NoCompl+ LLActRep+
[    0.545649] pciehp 0000:00:18.6:pcie04: service driver pciehp loaded
[    0.545674] pciehp 0000:00:18.7:pcie04: Slot #263 AttnBtn+ AttnInd- PwrInd- PwrCtrl+ MRL- Interlock- NoCompl+ LLActRep+
[    0.545709] pciehp 0000:00:18.7:pcie04: service driver pciehp loaded
[    0.545713] pciehp: PCI Express Hot Plug Controller Driver version: 0.4
[    0.545744] intel_idle: does not run on family 6 model 63
[    0.545928] ACPI: AC Adapter [ACAD] (on-line)
[    0.546079] input: Power Button as /devices/LNXSYSTM:00/LNXPWRBN:00/input/input0
[    0.546082] ACPI: Power Button [PWRF]
[    0.546255] GHES: HEST is not enabled!
[    0.546338] Serial: 8250/16550 driver, 32 ports, IRQ sharing enabled
[    0.547311] Linux agpgart interface v0.103
[    0.547369] agpgart-intel 0000:00:00.0: Intel 440BX Chipset
[    0.547944] agpgart-intel 0000:00:00.0: AGP aperture is 256M @ 0x0
[    0.548773] brd: module loaded
[    0.549196] loop: module loaded
[    0.549301] ata_piix 0000:00:07.1: version 2.13
[    0.549594] scsi host0: ata_piix
[    0.549662] scsi host1: ata_piix
[    0.549689] ata1: PATA max UDMA/33 cmd 0x1f0 ctl 0x3f6 bmdma 0x1060 irq 14
[    0.549690] ata2: PATA max UDMA/33 cmd 0x170 ctl 0x376 bmdma 0x1068 irq 15
[    0.549756] libphy: Fixed MDIO Bus: probed
[    0.549759] tun: Universal TUN/TAP device driver, 1.6
[    0.549760] tun: (C) 1999-2004 Max Krasnyansky <maxk@qualcomm.com>
[    0.549956] PPP generic driver version 2.4.2
[    0.550012] ehci_hcd: USB 2.0 'Enhanced' Host Controller (EHCI) Driver
[    0.550016] ehci-pci: EHCI PCI platform driver
[    0.550025] ehci-platform: EHCI generic platform driver
[    0.550032] ohci_hcd: USB 1.1 'Open' Host Controller (OHCI) Driver
[    0.550035] ohci-pci: OHCI PCI platform driver
[    0.550045] ohci-platform: OHCI generic platform driver
[    0.550051] uhci_hcd: USB Universal Host Controller Interface driver
[    0.550093] i8042: PNP: PS/2 Controller [PNP0303:KBC,PNP0f13:MOUS] at 0x60,0x64 irq 1,12
[    0.550786] serio: i8042 KBD port at 0x60,0x64 irq 1
[    0.550791] serio: i8042 AUX port at 0x60,0x64 irq 12
[    0.550869] mousedev: PS/2 mouse device common for all mice
[    0.551199] rtc_cmos 00:01: rtc core: registered rtc_cmos as rtc0
[    0.551302] rtc_cmos 00:01: alarms up to one month, y3k, 114 bytes nvram, hpet irqs
[    0.551317] i2c /dev entries driver
[    0.551366] device-mapper: uevent: version 1.0.3
[    0.551422] device-mapper: ioctl: 4.29.0-ioctl (2014-10-28) initialised: dm-devel@redhat.com
[    0.551486] ledtrig-cpu: registered to indicate activity on CPUs
[    0.551688] PCCT header not found.
[    0.551689] ACPI PCC probe failed.
[    0.551987] TCP: cubic registered
[    0.552081] NET: Registered protocol family 10
[    0.552290] NET: Registered protocol family 17
[    0.552299] Key type dns_resolver registered
[    0.552471] Loading compiled-in X.509 certificates
[    0.553192] Loaded X.509 cert 'Magrathea: Glacier signing key: 6aaa11d18c2d3a40b1b4dbe5bf8ad656ddf51838'
[    0.553218] registered taskstats version 1
[    0.554244] input: AT Translated Set 2 keyboard as /devices/platform/i8042/serio0/input/input1
[    0.554860] Key type trusted registered
[    0.557033] Key type encrypted registered
[    0.557040] AppArmor: AppArmor sha1 policy hashing enabled
[    0.557043] ima: No TPM chip found, activating TPM-bypass!
[    0.557068] evm: HMAC attrs: 0x1
[    0.560480]   Magic number: 12:884:305
[    0.560494] tty tty34: hash matches
[    0.560525] acpi device:9f: hash matches
[    0.560621] rtc_cmos 00:01: setting system clock to 2016-04-07 01:19:52 UTC (1459991992)
[    0.560666] BIOS EDD facility v0.16 2004-Jun-25, 0 devices found
[    0.560667] EDD information not available.
[    0.560721] PM: Hibernation image not present or could not be loaded.
[    0.726355] Freeing unused kernel memory: 1408K (ffffffff81d27000 - ffffffff81e87000)
[    0.726357] Write protecting the kernel read-only data: 12288k
[    0.726509] Freeing unused kernel memory: 260K (ffff8800017bf000 - ffff880001800000)
[    0.726610] Freeing unused kernel memory: 344K (ffff880001baa000 - ffff880001c00000)
[    0.737016] systemd-udevd[101]: starting version 204
[    0.759937] Floppy drive(s): fd0 is 1.44M
[    0.773700] FDC 0 is a post-1991 82077
[    0.783318] Fusion MPT base driver 3.04.20
[    0.783319] Copyright (c) 1999-2008 LSI Corporation
[    0.787990] ahci 0000:02:01.0: version 3.0
[    0.788809] ahci 0000:02:01.0: AHCI 0001.0300 32 slots 30 ports 6 Gbps 0x3fffffff impl SATA mode
[    0.788811] ahci 0000:02:01.0: flags: 64bit ncq clo only 
[    0.790455] VMware vmxnet3 virtual NIC driver - version 1.2.1.0-k-NAPI
[    0.790472] vmxnet3 0000:03:00.0: # of Tx queues : 1, # of Rx queues : 1
[    0.797867] Fusion MPT SPI Host driver 3.04.20
[    0.807831] mptbase: ioc0: Initiating bringup
[    1.811376] vmxnet3 0000:03:00.0 eth0: NIC Link is Up 10000 Mbps
[    1.820266] scsi host2: ahci
[    1.824772] scsi host3: ahci
[    1.828968] scsi host4: ahci
[    1.834554] scsi host5: ahci
[    1.840297] scsi host6: ahci
[    1.840430] scsi host7: ahci
[    1.840507] scsi host8: ahci
[    1.840579] scsi host9: ahci
[    1.840653] scsi host10: ahci
[    1.840727] scsi host11: ahci
[    1.840798] scsi host12: ahci
[    1.840866] scsi host13: ahci
[    1.840936] scsi host14: ahci
[    1.841006] scsi host15: ahci
[    1.841076] scsi host16: ahci
[    1.841149] scsi host17: ahci
[    1.841219] scsi host18: ahci
[    1.841289] scsi host19: ahci
[    1.841360] scsi host20: ahci
[    1.841430] scsi host21: ahci
[    1.841500] scsi host22: ahci
[    1.841570] scsi host23: ahci
[    1.841640] scsi host24: ahci
[    1.841712] scsi host25: ahci
[    1.841781] scsi host26: ahci
[    1.841850] scsi host27: ahci
[    1.841923] scsi host28: ahci
[    1.841998] scsi host29: ahci
[    1.842251] scsi host30: ahci
[    1.842333] scsi host31: ahci
[    1.842370] ata3: SATA max UDMA/133 abar m4096@0xfd5ff000 port 0xfd5ff100 irq 56
[    1.842372] ata4: SATA max UDMA/133 abar m4096@0xfd5ff000 port 0xfd5ff180 irq 56
[    1.842373] ata5: SATA max UDMA/133 abar m4096@0xfd5ff000 port 0xfd5ff200 irq 56
[    1.842375] ata6: SATA max UDMA/133 abar m4096@0xfd5ff000 port 0xfd5ff280 irq 56
[    1.842376] ata7: SATA max UDMA/133 abar m4096@0xfd5ff000 port 0xfd5ff300 irq 56
[    1.842377] ata8: SATA max UDMA/133 abar m4096@0xfd5ff000 port 0xfd5ff380 irq 56
[    1.842378] ata9: SATA max UDMA/133 abar m4096@0xfd5ff000 port 0xfd5ff400 irq 56
[    1.842379] ata10: SATA max UDMA/133 abar m4096@0xfd5ff000 port 0xfd5ff480 irq 56
[    1.842380] ata11: SATA max UDMA/133 abar m4096@0xfd5ff000 port 0xfd5ff500 irq 56
[    1.842381] ata12: SATA max UDMA/133 abar m4096@0xfd5ff000 port 0xfd5ff580 irq 56
[    1.842382] ata13: SATA max UDMA/133 abar m4096@0xfd5ff000 port 0xfd5ff600 irq 56
[    1.842383] ata14: SATA max UDMA/133 abar m4096@0xfd5ff000 port 0xfd5ff680 irq 56
[    1.842384] ata15: SATA max UDMA/133 abar m4096@0xfd5ff000 port 0xfd5ff700 irq 56
[    1.842385] ata16: SATA max UDMA/133 abar m4096@0xfd5ff000 port 0xfd5ff780 irq 56
[    1.842386] ata17: SATA max UDMA/133 abar m4096@0xfd5ff000 port 0xfd5ff800 irq 56
[    1.842387] ata18: SATA max UDMA/133 abar m4096@0xfd5ff000 port 0xfd5ff880 irq 56
[    1.842388] ata19: SATA max UDMA/133 abar m4096@0xfd5ff000 port 0xfd5ff900 irq 56
[    1.842389] ata20: SATA max UDMA/133 abar m4096@0xfd5ff000 port 0xfd5ff980 irq 56
[    1.842390] ata21: SATA max UDMA/133 abar m4096@0xfd5ff000 port 0xfd5ffa00 irq 56
[    1.842391] ata22: SATA max UDMA/133 abar m4096@0xfd5ff000 port 0xfd5ffa80 irq 56
[    1.842392] ata23: SATA max UDMA/133 abar m4096@0xfd5ff000 port 0xfd5ffb00 irq 56
[    1.842393] ata24: SATA max UDMA/133 abar m4096@0xfd5ff000 port 0xfd5ffb80 irq 56
[    1.842394] ata25: SATA max UDMA/133 abar m4096@0xfd5ff000 port 0xfd5ffc00 irq 56
[    1.842395] ata26: SATA max UDMA/133 abar m4096@0xfd5ff000 port 0xfd5ffc80 irq 56
[    1.842396] ata27: SATA max UDMA/133 abar m4096@0xfd5ff000 port 0xfd5ffd00 irq 56
[    1.842397] ata28: SATA max UDMA/133 abar m4096@0xfd5ff000 port 0xfd5ffd80 irq 56
[    1.842398] ata29: SATA max UDMA/133 abar m4096@0xfd5ff000 port 0xfd5ffe00 irq 56
[    1.842399] ata30: SATA max UDMA/133 abar m4096@0xfd5ff000 port 0xfd5ffe80 irq 56
[    1.842400] ata31: SATA max UDMA/133 abar m4096@0xfd5ff000 port 0xfd5fff00 irq 56
[    1.842401] ata32: SATA max UDMA/133 abar m4096@0xfd5ff000 port 0xfd5fff80 irq 56
[    1.900520] ioc0: LSI53C1030 B0: Capabilities={Initiator}
[    2.060761] scsi host32: ioc0: LSI53C1030 B0, FwRev=01032920h, Ports=1, MaxQ=128, IRQ=17
[    2.160270] ata27: SATA link down (SStatus 0 SControl 300)
[    2.160300] ata29: SATA link down (SStatus 0 SControl 300)
[    2.160333] ata20: SATA link down (SStatus 0 SControl 300)
[    2.160342] ata19: SATA link down (SStatus 0 SControl 300)
[    2.160349] ata32: SATA link down (SStatus 0 SControl 300)
[    2.160357] ata25: SATA link down (SStatus 0 SControl 300)
[    2.160365] ata23: SATA link down (SStatus 0 SControl 300)
[    2.160373] ata5: SATA link down (SStatus 0 SControl 300)
[    2.160380] ata31: SATA link down (SStatus 0 SControl 300)
[    2.160388] ata9: SATA link down (SStatus 0 SControl 300)
[    2.160396] ata13: SATA link down (SStatus 0 SControl 300)
[    2.160403] ata10: SATA link down (SStatus 0 SControl 300)
[    2.160411] ata21: SATA link down (SStatus 0 SControl 300)
[    2.160418] ata8: SATA link down (SStatus 0 SControl 300)
[    2.160426] ata12: SATA link down (SStatus 0 SControl 300)
[    2.160433] ata14: SATA link down (SStatus 0 SControl 300)
[    2.160442] ata3: SATA link up 6.0 Gbps (SStatus 133 SControl 300)
[    2.160498] ata3.00: ATAPI: VMware Virtual SATA CDRW Drive, 00000001, max UDMA/33
[    2.160599] ata3.00: configured for UDMA/33
[    2.160744] scsi 2:0:0:0: CD-ROM            NECVMWar VMware SATA CD00 1.00 PQ: 0 ANSI: 5
[    2.160871] ata11: SATA link down (SStatus 0 SControl 300)
[    2.160881] ata7: SATA link down (SStatus 0 SControl 300)
[    2.160889] ata6: SATA link down (SStatus 0 SControl 300)
[    2.160897] ata16: SATA link down (SStatus 0 SControl 300)
[    2.160905] ata4: SATA link down (SStatus 0 SControl 300)
[    2.160912] ata15: SATA link down (SStatus 0 SControl 300)
[    2.160920] ata30: SATA link down (SStatus 0 SControl 300)
[    2.160927] ata17: SATA link down (SStatus 0 SControl 300)
[    2.160935] ata28: SATA link down (SStatus 0 SControl 300)
[    2.160942] ata26: SATA link down (SStatus 0 SControl 300)
[    2.160949] ata22: SATA link down (SStatus 0 SControl 300)
[    2.160957] ata24: SATA link down (SStatus 0 SControl 300)
[    2.160964] ata18: SATA link down (SStatus 0 SControl 300)
[    3.167028] input: ImPS/2 Generic Wheel Mouse as /devices/platform/i8042/serio1/input/input3
[    3.167177] sr 2:0:0:0: [sr0] scsi3-mmc drive: 1x/1x writer dvd-ram cd/rw xa/form2 cdda tray
[    3.167180] cdrom: Uniform CD-ROM driver Revision: 3.20
[    3.167266] sr 2:0:0:0: Attached scsi CD-ROM sr0
[    3.167347] sr 2:0:0:0: Attached scsi generic sg0 type 5
[    3.173429] scsi 32:0:0:0: Direct-Access     VMware   Virtual disk     1.0  PQ: 0 ANSI: 2
[    3.173436] scsi target32:0:0: Beginning Domain Validation
[    3.173645] scsi target32:0:0: Domain Validation skipping write tests
[    3.173646] scsi target32:0:0: Ending Domain Validation
[    3.173662] scsi target32:0:0: FAST-40 WIDE SCSI 80.0 MB/s ST (25 ns, offset 127)
[    3.174290] sd 32:0:0:0: [sda] 125829120 512-byte logical blocks: (64.4 GB/60.0 GiB)
[    3.174305] sd 32:0:0:0: [sda] Write Protect is off
[    3.174307] sd 32:0:0:0: [sda] Mode Sense: 61 00 00 00
[    3.174322] sd 32:0:0:0: [sda] Cache data unavailable
[    3.174324] sd 32:0:0:0: [sda] Assuming drive cache: write through
[    3.174534] sd 32:0:0:0: Attached scsi generic sg1 type 0
[    3.182871]  sda: sda1 sda2 < sda5 >
[    3.183040] sd 32:0:0:0: [sda] Attached SCSI disk
[    3.271953] EXT4-fs (sda1): mounted filesystem with ordered data mode. Opts: (null)
[    3.504451] random: init urandom read with 46 bits of entropy available
[    3.606721] init: plymouth-upstart-bridge main process (243) terminated with status 1
[    3.606728] init: plymouth-upstart-bridge main process ended, respawning
[    3.608946] init: plymouth-upstart-bridge main process (254) terminated with status 1
[    3.608953] init: plymouth-upstart-bridge main process ended, respawning
[    3.612059] init: plymouth-upstart-bridge main process (256) terminated with status 1
[    3.612066] init: plymouth-upstart-bridge main process ended, respawning
[    3.614479] init: plymouth-upstart-bridge main process (259) terminated with status 1
[    3.614486] init: plymouth-upstart-bridge main process ended, respawning
[    3.616637] init: plymouth-upstart-bridge main process (261) terminated with status 1
[    3.616644] init: plymouth-upstart-bridge main process ended, respawning
[    3.618690] init: plymouth-upstart-bridge main process (263) terminated with status 1
[    3.618697] init: plymouth-upstart-bridge main process ended, respawning
[    3.620872] init: plymouth-upstart-bridge main process (265) terminated with status 1
[    3.620879] init: plymouth-upstart-bridge main process ended, respawning
[    3.623227] init: plymouth-upstart-bridge main process (267) terminated with status 1
[    3.623233] init: plymouth-upstart-bridge main process ended, respawning
[    3.625622] init: plymouth-upstart-bridge main process (269) terminated with status 1
[    3.625629] init: plymouth-upstart-bridge main process ended, respawning
[    3.627716] init: plymouth-upstart-bridge main process (271) terminated with status 1
[    3.627723] init: plymouth-upstart-bridge main process ended, respawning
[    3.630887] init: plymouth-upstart-bridge main process (273) terminated with status 1
[    3.630894] init: plymouth-upstart-bridge respawning too fast, stopped
[    4.522175] Adding 1570812k swap on /dev/sda5.  Priority:-1 extents:1 across:1570812k FS
[    4.585654] EXT4-fs (sda1): re-mounted. Opts: errors=remount-ro
[    4.586269] systemd-udevd[374]: starting version 204
[    4.646784] lp: driver loaded but no devices found
[    4.676831] ppdev: user-space parallel port driver
[    4.977438] audit: type=1400 audit(1459991996.913:2): apparmor="STATUS" operation="profile_load" profile="unconfined" name="/usr/lib/cups/backend/cups-pdf" pid=510 comm="apparmor_parser"
[    4.977444] audit: type=1400 audit(1459991996.913:3): apparmor="STATUS" operation="profile_load" profile="unconfined" name="/usr/sbin/cupsd" pid=510 comm="apparmor_parser"
[    4.977734] audit: type=1400 audit(1459991996.913:4): apparmor="STATUS" operation="profile_replace" profile="unconfined" name="/usr/sbin/cupsd" pid=510 comm="apparmor_parser"
[    4.981961] Bluetooth: Core ver 2.20
[    4.982284] NET: Registered protocol family 31
[    4.982286] Bluetooth: HCI device and connection manager initialized
[    4.982290] Bluetooth: HCI socket layer initialized
[    4.982292] Bluetooth: L2CAP socket layer initialized
[    4.982297] Bluetooth: SCO socket layer initialized
[    5.001968] Bluetooth: BNEP (Ethernet Emulation) ver 1.3
[    5.001971] Bluetooth: BNEP filters: protocol multicast
[    5.001974] Bluetooth: BNEP socket layer initialized
[    5.010925] Bluetooth: RFCOMM TTY layer initialized
[    5.010930] Bluetooth: RFCOMM socket layer initialized
[    5.010934] Bluetooth: RFCOMM ver 1.11
[    5.054556] shpchp: Standard Hot Plug PCI Controller Driver version: 0.4
[    5.073386] piix4_smbus 0000:00:07.3: SMBus Host Controller not enabled!
[    5.093184] [drm] Initialized drm 1.1.0 20060810
[    5.113674] vmw_vmci 0000:00:07.7: Found VMCI PCI device at 0x11080, irq 16
[    5.113747] vmw_vmci 0000:00:07.7: Using capabilities 0xc
[    5.132163] Guest personality initialized and is active
[    5.133586] VMCI host device registered (name=vmci, major=10, minor=56)
[    5.133588] Initialized host personality
[    5.241523] [drm] DMA map mode: Using physical TTM page addresses.
[    5.241596] [drm] Capabilities:
[    5.241597] [drm]   Rect copy.
[    5.241598] [drm]   Cursor.
[    5.241598] [drm]   Cursor bypass.
[    5.241599] [drm]   Cursor bypass 2.
[    5.241599] [drm]   8bit emulation.
[    5.241600] [drm]   Alpha cursor.
[    5.241600] [drm]   Extended Fifo.
[    5.241601] [drm]   Multimon.
[    5.241601] [drm]   Pitchlock.
[    5.241602] [drm]   Irq mask.
[    5.241602] [drm]   Display Topology.
[    5.241603] [drm]   GMR.
[    5.241603] [drm]   Traces.
[    5.241604] [drm]   GMR2.
[    5.241604] [drm]   Screen Object 2.
[    5.241605] [drm]   Command Buffers.
[    5.241605] [drm]   Command Buffers 2.
[    5.241606] [drm]   Guest Backed Resources.
[    5.241606] [drm] Max GMR ids is 64
[    5.241607] [drm] Max number of GMR pages is 65536
[    5.241608] [drm] Max dedicated hypervisor surface memory is 0 kiB
[    5.241608] [drm] Maximum display memory size is 4096 kiB
[    5.241609] [drm] VRAM at 0xe8000000 size is 4096 kiB
[    5.241610] [drm] MMIO at 0xfe000000 size is 256 kiB
[    5.241611] [drm] global init.
[    5.257694] [TTM] Zone  kernel: Available graphics memory: 766582 kiB
[    5.257696] [TTM] Initializing pool allocator
[    5.257700] [TTM] Initializing DMA pool allocator
[    5.257868] [drm] Supports vblank timestamp caching Rev 2 (21.10.2013).
[    5.257870] [drm] No driver support for vblank timestamp query.
[    5.258622] [drm] Screen objects system initialized
[    5.258671] [drm] width 640
[    5.258678] [drm] height 480
[    5.258685] [drm] bpp 32
[    5.259840] [drm] Fifo max 0x00040000 min 0x00001000 cap 0x0000077f
[    5.285386] fbcon: svgadrmfb (fb0) is primary device
[    5.300384] random: nonblocking pool is initialized
[    5.302167] Console: switching to colour frame buffer device 100x37
[    5.308438] audit: type=1400 audit(1459991997.245:5): apparmor="STATUS" operation="profile_load" profile="unconfined" name="/sbin/dhclient" pid=570 comm="apparmor_parser"
[    5.308443] audit: type=1400 audit(1459991997.245:6): apparmor="STATUS" operation="profile_load" profile="unconfined" name="/usr/lib/NetworkManager/nm-dhcp-client.action" pid=570 comm="apparmor_parser"
[    5.308446] audit: type=1400 audit(1459991997.245:7): apparmor="STATUS" operation="profile_load" profile="unconfined" name="/usr/lib/connman/scripts/dhclient-script" pid=570 comm="apparmor_parser"
[    5.308738] audit: type=1400 audit(1459991997.245:8): apparmor="STATUS" operation="profile_replace" profile="unconfined" name="/usr/lib/NetworkManager/nm-dhcp-client.action" pid=570 comm="apparmor_parser"
[    5.308742] audit: type=1400 audit(1459991997.245:9): apparmor="STATUS" operation="profile_replace" profile="unconfined" name="/usr/lib/connman/scripts/dhclient-script" pid=570 comm="apparmor_parser"
[    5.308897] audit: type=1400 audit(1459991997.245:10): apparmor="STATUS" operation="profile_replace" profile="unconfined" name="/usr/lib/connman/scripts/dhclient-script" pid=570 comm="apparmor_parser"
[    5.356570] [drm] Initialized vmwgfx 2.6.1 20140704 for 0000:00:0f.0 on minor 0
[    5.384437] vmxnet3 0000:03:00.0 eth0: intr type 3, mode 0, 2 vectors allocated
[    5.386951] vmxnet3 0000:03:00.0 eth0: NIC Link is Up 10000 Mbps
[    5.650671] AVX2 version of gcm_enc/dec engaged.
[    5.650673] AES CTR mode by8 optimization enabled
[    5.798262] intel_rapl: no valid rapl domains found in package 0
[    5.940198] init: failsafe main process (632) killed by TERM signal
[    6.123302] audit_printk_skb: 3 callbacks suppressed
[    6.123305] audit: type=1400 audit(1459991998.061:12): apparmor="STATUS" operation="profile_load" profile="unconfined" name="/usr/lib/lightdm/lightdm-guest-session" pid=1037 comm="apparmor_parser"
[    6.123309] audit: type=1400 audit(1459991998.061:13): apparmor="STATUS" operation="profile_load" profile="unconfined" name="chromium" pid=1037 comm="apparmor_parser"
[    6.123539] audit: type=1400 audit(1459991998.061:14): apparmor="STATUS" operation="profile_replace" profile="unconfined" name="chromium" pid=1037 comm="apparmor_parser"
[    6.125375] audit: type=1400 audit(1459991998.061:15): apparmor="STATUS" operation="profile_replace" profile="unconfined" name="/sbin/dhclient" pid=1038 comm="apparmor_parser"
[    6.125381] audit: type=1400 audit(1459991998.061:16): apparmor="STATUS" operation="profile_replace" profile="unconfined" name="/usr/lib/NetworkManager/nm-dhcp-client.action" pid=1038 comm="apparmor_parser"
[    6.125384] audit: type=1400 audit(1459991998.061:17): apparmor="STATUS" operation="profile_replace" profile="unconfined" name="/usr/lib/connman/scripts/dhclient-script" pid=1038 comm="apparmor_parser"
[    6.125677] audit: type=1400 audit(1459991998.061:18): apparmor="STATUS" operation="profile_replace" profile="unconfined" name="/usr/lib/NetworkManager/nm-dhcp-client.action" pid=1038 comm="apparmor_parser"
[    6.125679] audit: type=1400 audit(1459991998.061:19): apparmor="STATUS" operation="profile_replace" profile="unconfined" name="/usr/lib/connman/scripts/dhclient-script" pid=1038 comm="apparmor_parser"
[    6.125834] audit: type=1400 audit(1459991998.061:20): apparmor="STATUS" operation="profile_replace" profile="unconfined" name="/usr/lib/connman/scripts/dhclient-script" pid=1038 comm="apparmor_parser"
[    6.132491] audit: type=1400 audit(1459991998.069:21): apparmor="STATUS" operation="profile_load" profile="unconfined" name="/usr/bin/evince" pid=1039 comm="apparmor_parser"
[   28.245354] mp3: module verification failed: signature and/or  required key missing - tainting kernel
[   28.246626] MP3 MODULE LOADING
[   28.246642] Initializing character device.
[   28.246645] Character device initialized.
[   28.246672] MP3 MODULE LOADED
[   34.886395] mp3 Command: R 1571
[   34.886395] 
[   34.886399] mp3 OP: R
[   34.886400] mp3 Registration
[   34.886401] Adding pid 1571
[   34.886407] MP3 workqueue handler!
[   34.886686] mp3 Command: R 1570
[   34.886686] 
[   34.886688] mp3 OP: R
[   34.886688] mp3 Registration
[   34.886689] Adding pid 1570
[   34.887539] MP3 Timer Callback
[   34.887672] MP3 workqueue handler!
[   34.935510] MP3 Timer Callback
[   34.935522] MP3 workqueue handler!
[   34.983501] MP3 Timer Callback
[   34.983584] MP3 workqueue handler!
[   35.031476] MP3 Timer Callback
[   35.031485] MP3 workqueue handler!
[   35.079452] MP3 Timer Callback
[   35.079460] MP3 workqueue handler!
[   35.127420] MP3 Timer Callback
[   35.127430] MP3 workqueue handler!
[   35.175395] MP3 Timer Callback
[   35.175404] MP3 workqueue handler!
[   35.223372] MP3 Timer Callback
[   35.223380] MP3 workqueue handler!
[   35.271351] MP3 Timer Callback
[   35.271359] MP3 workqueue handler!
[   35.319325] MP3 Timer Callback
[   35.319334] MP3 workqueue handler!
[   35.367322] MP3 Timer Callback
[   35.367331] MP3 workqueue handler!
[   35.415283] MP3 Timer Callback
